Archive member included to satisfy reference by file (symbol)

C:/ST/STM32CubeIDE_2.0.0/STM32CubeIDE/plugins/com.st.stm32cube.ide.mcu.externaltools.gnu-tools-for-stm32.13.3.rel1.win32_1.0.100.202509120712/tools/bin/../lib/gcc/arm-none-eabi/13.3.1/../../../../arm-none-eabi/lib/thumb/v7e-m+fp/hard\libm.a(libm_a-wf_log.o)
                              ./Core/Src/Thermistor2.o (logf)
C:/ST/STM32CubeIDE_2.0.0/STM32CubeIDE/plugins/com.st.stm32cube.ide.mcu.externaltools.gnu-tools-for-stm32.13.3.rel1.win32_1.0.100.202509120712/tools/bin/../lib/gcc/arm-none-eabi/13.3.1/../../../../arm-none-eabi/lib/thumb/v7e-m+fp/hard\libm.a(libm_a-sf_nan.o)
                              C:/ST/STM32CubeIDE_2.0.0/STM32CubeIDE/plugins/com.st.stm32cube.ide.mcu.externaltools.gnu-tools-for-stm32.13.3.rel1.win32_1.0.100.202509120712/tools/bin/../lib/gcc/arm-none-eabi/13.3.1/../../../../arm-none-eabi/lib/thumb/v7e-m+fp/hard\libm.a(libm_a-wf_log.o) (nanf)
C:/ST/STM32CubeIDE_2.0.0/STM32CubeIDE/plugins/com.st.stm32cube.ide.mcu.externaltools.gnu-tools-for-stm32.13.3.rel1.win32_1.0.100.202509120712/tools/bin/../lib/gcc/arm-none-eabi/13.3.1/../../../../arm-none-eabi/lib/thumb/v7e-m+fp/hard\libm.a(libm_a-ef_log.o)
                              C:/ST/STM32CubeIDE_2.0.0/STM32CubeIDE/plugins/com.st.stm32cube.ide.mcu.externaltools.gnu-tools-for-stm32.13.3.rel1.win32_1.0.100.202509120712/tools/bin/../lib/gcc/arm-none-eabi/13.3.1/../../../../arm-none-eabi/lib/thumb/v7e-m+fp/hard\libm.a(libm_a-wf_log.o) (__ieee754_logf)
C:/ST/STM32CubeIDE_2.0.0/STM32CubeIDE/plugins/com.st.stm32cube.ide.mcu.externaltools.gnu-tools-for-stm32.13.3.rel1.win32_1.0.100.202509120712/tools/bin/../lib/gcc/arm-none-eabi/13.3.1/../../../../arm-none-eabi/lib/thumb/v7e-m+fp/hard\libc_nano.a(libc_a-atexit.o)
                              ./Core/Src/ChargingStage.o (atexit)
C:/ST/STM32CubeIDE_2.0.0/STM32CubeIDE/plugins/com.st.stm32cube.ide.mcu.externaltools.gnu-tools-for-stm32.13.3.rel1.win32_1.0.100.202509120712/tools/bin/../lib/gcc/arm-none-eabi/13.3.1/../../../../arm-none-eabi/lib/thumb/v7e-m+fp/hard\libc_nano.a(libc_a-exit.o)
                              C:/ST/STM32CubeIDE_2.0.0/STM32CubeIDE/plugins/com.st.stm32cube.ide.mcu.externaltools.gnu-tools-for-stm32.13.3.rel1.win32_1.0.100.202509120712/tools/bin/../lib/gcc/arm-none-eabi/13.3.1/../../../../arm-none-eabi/lib/thumb/v7e-m+fp/hard/crt0.o (exit)
C:/ST/STM32CubeIDE_2.0.0/STM32CubeIDE/plugins/com.st.stm32cube.ide.mcu.externaltools.gnu-tools-for-stm32.13.3.rel1.win32_1.0.100.202509120712/tools/bin/../lib/gcc/arm-none-eabi/13.3.1/../../../../arm-none-eabi/lib/thumb/v7e-m+fp/hard\libc_nano.a(libc_a-malloc.o)
                              ./Core/ThreadSafe/newlib_lock_glue.o (malloc)
C:/ST/STM32CubeIDE_2.0.0/STM32CubeIDE/plugins/com.st.stm32cube.ide.mcu.externaltools.gnu-tools-for-stm32.13.3.rel1.win32_1.0.100.202509120712/tools/bin/../lib/gcc/arm-none-eabi/13.3.1/../../../../arm-none-eabi/lib/thumb/v7e-m+fp/hard\libc_nano.a(libc_a-mallocr.o)
                              C:/ST/STM32CubeIDE_2.0.0/STM32CubeIDE/plugins/com.st.stm32cube.ide.mcu.externaltools.gnu-tools-for-stm32.13.3.rel1.win32_1.0.100.202509120712/tools/bin/../lib/gcc/arm-none-eabi/13.3.1/../../../../arm-none-eabi/lib/thumb/v7e-m+fp/hard\libc_nano.a(libc_a-malloc.o) (_malloc_r)
C:/ST/STM32CubeIDE_2.0.0/STM32CubeIDE/plugins/com.st.stm32cube.ide.mcu.externaltools.gnu-tools-for-stm32.13.3.rel1.win32_1.0.100.202509120712/tools/bin/../lib/gcc/arm-none-eabi/13.3.1/../../../../arm-none-eabi/lib/thumb/v7e-m+fp/hard\libc_nano.a(libc_a-mlock.o)
                              C:/ST/STM32CubeIDE_2.0.0/STM32CubeIDE/plugins/com.st.stm32cube.ide.mcu.externaltools.gnu-tools-for-stm32.13.3.rel1.win32_1.0.100.202509120712/tools/bin/../lib/gcc/arm-none-eabi/13.3.1/../../../../arm-none-eabi/lib/thumb/v7e-m+fp/hard\libc_nano.a(libc_a-mallocr.o) (__malloc_lock)
C:/ST/STM32CubeIDE_2.0.0/STM32CubeIDE/plugins/com.st.stm32cube.ide.mcu.externaltools.gnu-tools-for-stm32.13.3.rel1.win32_1.0.100.202509120712/tools/bin/../lib/gcc/arm-none-eabi/13.3.1/../../../../arm-none-eabi/lib/thumb/v7e-m+fp/hard\libc_nano.a(libc_a-nano-vfscanf_float.o)
                              (_scanf_float)
C:/ST/STM32CubeIDE_2.0.0/STM32CubeIDE/plugins/com.st.stm32cube.ide.mcu.externaltools.gnu-tools-for-stm32.13.3.rel1.win32_1.0.100.202509120712/tools/bin/../lib/gcc/arm-none-eabi/13.3.1/../../../../arm-none-eabi/lib/thumb/v7e-m+fp/hard\libc_nano.a(libc_a-findfp.o)
                              ./Middlewares/Third_Party/FreeRTOS/Source/tasks.o (__sf)
C:/ST/STM32CubeIDE_2.0.0/STM32CubeIDE/plugins/com.st.stm32cube.ide.mcu.externaltools.gnu-tools-for-stm32.13.3.rel1.win32_1.0.100.202509120712/tools/bin/../lib/gcc/arm-none-eabi/13.3.1/../../../../arm-none-eabi/lib/thumb/v7e-m+fp/hard\libc_nano.a(libc_a-fwalk.o)
[...]
Memory Configuration

Name             Origin             Length             Attributes
RAM              0x20000000         0x00020000         xrw
FLASH            0x08000000         0x00080000         xr
*default*        0x00000000         0xffffffff

Linker script and memory map

LOAD C:/ST/STM32CubeIDE_2.0.0/STM32CubeIDE/plugins/com.st.stm32cube.ide.mcu.externaltools.gnu-tools-for-stm32.13.3.rel1.win32_1.0.100.202509120712/tools/bin/../lib/gcc/arm-none-eabi/13.3.1/thumb/v7e-m+fp/hard/crti.o
LOAD C:/ST/STM32CubeIDE_2.0.0/STM32CubeIDE/plugins/com.st.stm32cube.ide.mcu.externaltools.gnu-tools-for-stm32.13.3.rel1.win32_1.0.100.202509120712/tools/bin/../lib/gcc/arm-none-eabi/13.3.1/thumb/v7e-m+fp/hard/crtbegin.o
LOAD C:/ST/STM32CubeIDE_2.0.0/STM32CubeIDE/plugins/com.st.stm32cube.ide.mcu.externaltools.gnu-tools-for-stm32.13.3.rel1.win32_1.0.100.202509120712/tools/bin/../lib/gcc/arm-none-eabi/13.3.1/../../../../arm-none-eabi/lib/thumb/v7e-m+fp/hard/crt0.o
LOAD ./Core/Inc/Custom/Motor/MotorDriver.o
LOAD ./Core/Src/BlinkTask.o
LOAD ./Core/Src/ChargingStage.o
LOAD ./Core/Src/ChargingStageTest.o
LOAD ./Core/Src/CoolingSystem.o
LOAD ./Core/Src/CoolingSystemTest.o
LOAD ./Core/Src/FullSystemTest.o
LOAD ./Core/Src/IO_Handler.o
LOAD ./Core/Src/IRBreakSensor.o
LOAD ./Core/Src/RotaryEncoder.o
LOAD ./Core/Src/RotatingBlock.o
LOAD ./Core/Src/RotatingBlockTest.o
LOAD ./Core/Src/Thermistor2.o
LOAD ./Core/Src/UI_CommandReceiver.o
LOAD ./Core/Src/UI_TelemetryTransmitter.o
LOAD ./Core/Src/adc.o
LOAD ./Core/Src/arm_biquad_cascade_df1_init_f32.o
LOAD ./Core/Src/arm_pid_init_f32.o
LOAD ./Core/Src/dma.o
LOAD ./Core/Src/freertos.o
LOAD ./Core/Src/gpio.o
LOAD ./Core/Src/main.o
LOAD ./Core/Src/stm32f4xx_hal_msp.o
LOAD ./Core/Src/stm32f4xx_hal_timebase_tim.o
LOAD ./Core/Src/stm32f4xx_it.o
LOAD ./Core/Src/syscalls.o
LOAD ./Core/Src/sysmem.o
LOAD ./Core/Src/system_stm32f4xx.o
LOAD ./Core/Src/tim.o
LOAD ./Core/Src/usart.o
LOAD ./Core/Startup/startup_stm32f446retx.o
LOAD ./Core/ThreadSafe/newlib_lock_glue.o
LOAD ./Drivers/STM32F4xx_HAL_Driver/Src/stm32f4xx_hal.o
LOAD ./Drivers/STM32F4xx_HAL_Driver/Src/stm32f4xx_hal_adc.o
LOAD ./Drivers/STM32F4xx_HAL_Driver/Src/stm32f4xx_hal_adc_ex.o
LOAD ./Drivers/STM32F4xx_HAL_Driver/Src/stm32f4xx_hal_cortex.o
LOAD ./Drivers/STM32F4xx_HAL_Driver/Src/stm32f4xx_hal_dma.o
LOAD ./Drivers/STM32F4xx_HAL_Driver/Src/stm32f4xx_hal_dma_ex.o
LOAD ./Drivers/STM32F4xx_HAL_Driver/Src/stm32f4xx_hal_exti.o
LOAD ./Drivers/STM32F4xx_HAL_Driver/Src/stm32f4xx_hal_flash.o
LOAD ./Drivers/STM32F4xx_HAL_Driver/Src/stm32f4xx_hal_flash_ex.o
LOAD ./Drivers/STM32F4xx_HAL_Driver/Src/stm32f4xx_hal_flash_ramfunc.o
LOAD ./Drivers/STM32F4xx_HAL_Driver/Src/stm32f4xx_hal_gpio.o
LOAD ./Drivers/STM32F4xx_HAL_Driver/Src/stm32f4xx_hal_pwr.o
LOAD ./Drivers/STM32F4xx_HAL_Driver/Src/stm32f4xx_hal_pwr_ex.o
LOAD ./Drivers/STM32F4xx_HAL_Driver/Src/stm32f4xx_hal_rcc.o
LOAD ./Drivers/STM32F4xx_HAL_Driver/Src/stm32f4xx_hal_rcc_ex.o
LOAD ./Drivers/STM32F4xx_HAL_Driver/Src/stm32f4xx_hal_tim.o
LOAD ./Drivers/STM32F4xx_HAL_Driver/Src/stm32f4xx_hal_tim_ex.o
LOAD ./Drivers/STM32F4xx_HAL_Driver/Src/stm32f4xx_hal_uart.o
LOAD ./Middlewares/Third_Party/FreeRTOS/Source/CMSIS_RTOS_V2/cmsis_os2.o
LOAD ./Middlewares/Third_Party/FreeRTOS/Source/croutine.o
LOAD ./Middlewares/Third_Party/FreeRTOS/Source/event_groups.o
LOAD ./Middlewares/Third_Party/FreeRTOS/Source/list.o
LOAD ./Middlewares/Third_Party/FreeRTOS/Source/queue.o
LOAD ./Middlewares/Third_Party/FreeRTOS/Source/stream_buffer.o
LOAD ./Middlewares/Third_Party/FreeRTOS/Source/tasks.o
LOAD ./Middlewares/Third_Party/FreeRTOS/Source/timers.o
LOAD ./Middlewares/Third_Party/FreeRTOS/Source/portable/GCC/ARM_CM4F/port.o
LOAD ./Middlewares/Third_Party/FreeRTOS/Source/portable/MemMang/heap_4.o
START GROUP
LOAD C:/ST/STM32CubeIDE_2.0.0/STM32CubeIDE/plugins/com.st.stm32cube.ide.mcu.externaltools.gnu-tools-for-stm32.13.3.rel1.win32_1.0.100.202509120712/tools/bin/../lib/gcc/arm-none-eabi/13.3.1/../../../../arm-none-eabi/lib/thumb/v7e-m+fp/hard\libstdc++_nano.a
LOAD C:/ST/STM32CubeIDE_2.0.0/STM32CubeIDE/plugins/com.st.stm32cube.ide.mcu.externaltools.gnu-tools-for-stm32.13.3.rel1.win32_1.0.100.202509120712/tools/bin/../lib/gcc/arm-none-eabi/13.3.1/../../../../arm-none-eabi/lib/thumb/v7e-m+fp/hard\libsupc++_nano.a
END GROUP
LOAD C:/ST/STM32CubeIDE_2.0.0/STM32CubeIDE/plugins/com.st.stm32cube.ide.mcu.externaltools.gnu-tools-for-stm32.13.3.rel1.win32_1.0.100.202509120712/tools/bin/../lib/gcc/arm-none-eabi/13.3.1/../../../../arm-none-eabi/lib/thumb/v7e-m+fp/hard\libstdc++_nano.a
LOAD C:/ST/STM32CubeIDE_2.0.0/STM32CubeIDE/plugins/com.st.stm32cube.ide.mcu.externaltools.gnu-tools-for-stm32.13.3.rel1.win32_1.0.100.202509120712/tools/bin/../lib/gcc/arm-none-eabi/13.3.1/../../../../arm-none-eabi/lib/thumb/v7e-m+fp/hard\libm.a
LOAD C:/ST/STM32CubeIDE_2.0.0/STM32CubeIDE/plugins/com.st.stm32cube.ide.mcu.externaltools.gnu-tools-for-stm32.13.3.rel1.win32_1.0.100.202509120712/tools/bin/../lib/gcc/arm-none-eabi/13.3.1/../../../../arm-none-eabi/lib/thumb/v7e-m+fp/hard\libc_nano.a
START GROUP
LOAD C:/ST/STM32CubeIDE_2.0.0/STM32CubeIDE/plugins/com.st.stm32cube.ide.mcu.externaltools.gnu-tools-for-stm32.13.3.rel1.win32_1.0.100.202509120712/tools/bin/../lib/gcc/arm-none-eabi/13.3.1/thumb/v7e-m+fp/hard\libgcc.a
LOAD C:/ST/STM32CubeIDE_2.0.0/STM32CubeIDE/plugins/com.st.stm32cube.ide.mcu.externaltools.gnu-tools-for-stm32.13.3.rel1.win32_1.0.100.202509120712/tools/bin/../lib/gcc/arm-none-eabi/13.3.1/../../../../arm-none-eabi/lib/thumb/v7e-m+fp/hard\libc_nano.a
END GROUP
START GROUP
LOAD C:/ST/STM32CubeIDE_2.0.0/STM32CubeIDE/plugins/com.st.stm32cube.ide.mcu.externaltools.gnu-tools-for-stm32.13.3.rel1.win32_1.0.100.202509120712/tools/bin/../lib/gcc/arm-none-eabi/13.3.1/thumb/v7e-m+fp/hard\libgcc.a
LOAD C:/ST/STM32CubeIDE_2.0.0/STM32CubeIDE/plugins/com.st.stm32cube.ide.mcu.externaltools.gnu-tools-for-stm32.13.3.rel1.win32_1.0.100.202509120712/tools/bin/../lib/gcc/arm-none-eabi/13.3.1/../../../../arm-none-eabi/lib/thumb/v7e-m+fp/hard\libc_nano.a
LOAD C:/ST/STM32CubeIDE_2.0.0/STM32CubeIDE/plugins/com.st.stm32cube.ide.mcu.externaltools.gnu-tools-for-stm32.13.3.rel1.win32_1.0.100.202509120712/tools/bin/../lib/gcc/arm-none-eabi/13.3.1/../../../../arm-none-eabi/lib/thumb/v7e-m+fp/hard\libnosys.a
END GROUP
START GROUP
LOAD C:/ST/STM32CubeIDE_2.0.0/STM32CubeIDE/plugins/com.st.stm32cube.ide.mcu.externaltools.gnu-tools-for-stm32.13.3.rel1.win32_1.0.100.202509120712/tools/bin/../lib/gcc/arm-none-eabi/13.3.1/thumb/v7e-m+fp/hard\libgcc.a
LOAD C:/ST/STM32CubeIDE_2.0.0/STM32CubeIDE/plugins/com.st.stm32cube.ide.mcu.externaltools.gnu-tools-for-stm32.13.3.rel1.win32_1.0.100.202509120712/tools/bin/../lib/gcc/arm-none-eabi/13.3.1/../../../../arm-none-eabi/lib/thumb/v7e-m+fp/hard\libc_nano.a
LOAD C:/ST/STM32CubeIDE_2.0.0/STM32CubeIDE/plugins/com.st.stm32cube.ide.mcu.externaltools.gnu-tools-for-stm32.13.3.rel1.win32_1.0.100.202509120712/tools/bin/../lib/gcc/arm-none-eabi/13.3.1/../../../../arm-none-eabi/lib/thumb/v7e-m+fp/hard\libnosys.a
END GROUP
LOAD C:/ST/STM32CubeIDE_2.0.0/STM32CubeIDE/plugins/com.st.stm32cube.ide.mcu.externaltools.gnu-tools-for-stm32.13.3.rel1.win32_1.0.100.202509120712/tools/bin/../lib/gcc/arm-none-eabi/13.3.1/thumb/v7e-m+fp/hard/crtend.o
LOAD C:/ST/STM32CubeIDE_2.0.0/STM32CubeIDE/plugins/com.st.stm32cube.ide.mcu.externaltools.gnu-tools-for-stm32.13.3.rel1.win32_1.0.100.202509120712/tools/bin/../lib/gcc/arm-none-eabi/13.3.1/thumb/v7e-m+fp/hard/crtn.o
                0x20020000                        _estack = (ORIGIN (RAM) + LENGTH (RAM))
                0x00000200                        _Min_Heap_Size = 0x200
                0x00000400                        _Min_Stack_Size = 0x400

.isr_vector     0x08000000      0x1c4
                0x08000000                        . = ALIGN (0x4)
 *(.isr_vector)
 .isr_vector    0x08000000      0x1c4 ./Core/Startup/startup_stm32f446retx.o
                0x08000000                g_pfnVectors
                0x080001c4                        . = ALIGN (0x4)

.text           0x080001d0    0x10884
                0x080001d0                        . = ALIGN (0x4)
 *(.text)
 .text          0x080001d0       0x40 C:/ST/STM32CubeIDE_2.0.0/STM32CubeIDE/plugins/com.st.stm32cube.ide.mcu.externaltools.gnu-tools-for-stm32.13.3.rel1.win32_1.0.100.202509120712/tools/bin/../lib/gcc/arm-none-eabi/13.3.1/thumb/v7e-m+fp/hard/crtbegin.o
 .text          0x08000210       0x10 C:/ST/STM32CubeIDE_2.0.0/STM32CubeIDE/plugins/com.st.stm32cube.ide.mcu.externaltools.gnu-tools-for-stm32.13.3.rel1.win32_1.0.100.202509120712/tools/bin/../lib/gcc/arm-none-eabi/13.3.1/../../../../arm-none-eabi/lib/thumb/v7e-m+fp/hard\libc_nano.a(libc_a-strlen.o)
                0x08000210                strlen
 .text          0x08000220       0xa0 C:/ST/STM32CubeIDE_2.0.0/STM32CubeIDE/plugins/com.st.stm32cube.ide.mcu.externaltools.gnu-tools-for-stm32.13.3.rel1.win32_1.0.100.202509120712/tools/bin/../lib/gcc/arm-none-eabi/13.3.1/../../../../arm-none-eabi/lib/thumb/v7e-m+fp/hard\libc_nano.a(libc_a-memchr.o)
                0x08000220                memchr
 .text          0x080002c0      0x378 C:/ST/STM32CubeIDE_2.0.0/STM32CubeIDE/plugins/com.st.stm32cube.ide.mcu.externaltools.gnu-tools-for-stm32.13.3.rel1.win32_1.0.100.202509120712/tools/bin/../lib/gcc/arm-none-eabi/13.3.1/thumb/v7e-m+fp/hard\libgcc.a(_arm_addsubdf3.o)
                0x080002c0                __aeabi_drsub
                0x080002c8                __aeabi_dsub
                0x080002c8                __subdf3
                0x080002cc                __aeabi_dadd
                0x080002cc                __adddf3
                0x08000544                __floatunsidf
                0x08000544                __aeabi_ui2d
                0x08000564                __floatsidf
                0x08000564                __aeabi_i2d
                0x08000588                __aeabi_f2d
                0x08000588                __extendsfdf2
                0x080005cc                __floatundidf
                0x080005cc                __aeabi_ul2d
                0x080005dc                __floatdidf
                0x080005dc                __aeabi_l2d
 .text          0x08000638      0x424 C:/ST/STM32CubeIDE_2.0.0/STM32CubeIDE/plugins/com.st.stm32cube.ide.mcu.externaltools.gnu-tools-for-stm32.13.3.rel1.win32_1.0.100.202509120712/tools/bin/../lib/gcc/arm-none-eabi/13.3.1/thumb/v7e-m+fp/hard\libgcc.a(_arm_muldivdf3.o)
                0x08000638                __aeabi_dmul
                0x08000638                __muldf3
                0x0800088c                __divdf3
                0x0800088c                __aeabi_ddiv
 .text          0x08000a5c      0x110 C:/ST/STM32CubeIDE_2.0.0/STM32CubeIDE/plugins/com.st.stm32cube.ide.mcu.externaltools.gnu-tools-for-stm32.13.3.rel1.win32_1.0.100.202509120712/tools/bin/../lib/gcc/arm-none-eabi/13.3.1/thumb/v7e-m+fp/hard\libgcc.a(_arm_cmpdf2.o)
                0x08000a5c                __gtdf2
                0x08000a5c                __gedf2
                0x08000a64                __ltdf2
                0x08000a64                __ledf2
                0x08000a6c                __nedf2
                0x08000a6c                __eqdf2
                0x08000a6c                __cmpdf2
                0x08000ae8                __aeabi_cdrcmple
                0x08000af8                __aeabi_cdcmpeq
                0x08000af8                __aeabi_cdcmple
                0x08000b08                __aeabi_dcmpeq
                0x08000b1c                __aeabi_dcmplt
                0x08000b30                __aeabi_dcmple
                0x08000b44                __aeabi_dcmpge
                0x08000b58                __aeabi_dcmpgt
 .text          0x08000b6c       0x2c C:/ST/STM32CubeIDE_2.0.0/STM32CubeIDE/plugins/com.st.stm32cube.ide.mcu.externaltools.gnu-tools-for-stm32.13.3.rel1.win32_1.0.100.202509120712/tools/bin/../lib/gcc/arm-none-eabi/13.3.1/thumb/v7e-m+fp/hard\libgcc.a(_arm_unorddf2.o)
                0x08000b6c                __unorddf2
                0x08000b6c                __aeabi_dcmpun
 .text          0x08000b98       0x40 C:/ST/STM32CubeIDE_2.0.0/STM32CubeIDE/plugins/com.st.stm32cube.ide.mcu.externaltools.gnu-tools-for-stm32.13.3.rel1.win32_1.0.100.202509120712/tools/bin/../lib/gcc/arm-none-eabi/13.3.1/thumb/v7e-m+fp/hard\libgcc.a(_arm_fixunsdfsi.o)
                0x08000b98                __aeabi_d2uiz
                0x08000b98                __fixunsdfsi
 .text          0x08000bd8       0xa0 C:/ST/STM32CubeIDE_2.0.0/STM32CubeIDE/plugins/com.st.stm32cube.ide.mcu.externaltools.gnu-tools-for-stm32.13.3.rel1.win32_1.0.100.202509120712/tools/bin/../lib/gcc/arm-none-eabi/13.3.1/thumb/v7e-m+fp/hard\libgcc.a(_arm_truncdfsf2.o)
                0x08000bd8                __truncdfsf2
                0x08000bd8                __aeabi_d2f
 .text          0x08000c78       0x30 C:/ST/STM32CubeIDE_2.0.0/STM32CubeIDE/plugins/com.st.stm32cube.ide.mcu.externaltools.gnu-tools-for-stm32.13.3.rel1.win32_1.0.100.202509120712/tools/bin/../lib/gcc/arm-none-eabi/13.3.1/thumb/v7e-m+fp/hard\libgcc.a(_aeabi_uldivmod.o)
                0x08000c78                __aeabi_uldivmod
 .text          0x08000ca8       0x30 C:/ST/STM32CubeIDE_2.0.0/STM32CubeIDE/plugins/com.st.stm32cube.ide.mcu.externaltools.gnu-tools-for-stm32.13.3.rel1.win32_1.0.100.202509120712/tools/bin/../lib/gcc/arm-none-eabi/13.3.1/thumb/v7e-m+fp/hard\libgcc.a(_fixdfdi.o)
                0x08000ca8                __fixdfdi
                0x08000ca8                __aeabi_d2lz
 .text          0x08000cd8       0x3c C:/ST/STM32CubeIDE_2.0.0/STM32CubeIDE/plugins/com.st.stm32cube.ide.mcu.externaltools.gnu-tools-for-stm32.13.3.rel1.win32_1.0.100.202509120712/tools/bin/../lib/gcc/arm-none-eabi/13.3.1/thumb/v7e-m+fp/hard\libgcc.a(_fixunsdfdi.o)
                0x08000cd8                __fixunsdfdi
                0x08000cd8                __aeabi_d2ulz
 .text          0x08000d14      0x2f8 C:/ST/STM32CubeIDE_2.0.0/STM32CubeIDE/plugins/com.st.stm32cube.ide.mcu.externaltools.gnu-tools-for-stm32.13.3.rel1.win32_1.0.100.202509120712/tools/bin/../lib/gcc/arm-none-eabi/13.3.1/thumb/v7e-m+fp/hard\libgcc.a(_udivmoddi4.o)
                0x08000d14                __udivmoddi4
 .text          0x0800100c        0x4 C:/ST/STM32CubeIDE_2.0.0/STM32CubeIDE/plugins/com.st.stm32cube.ide.mcu.externaltools.gnu-tools-for-stm32.13.3.rel1.win32_1.0.100.202509120712/tools/bin/../lib/gcc/arm-none-eabi/13.3.1/thumb/v7e-m+fp/hard\libgcc.a(_dvmd_tls.o)
                0x0800100c                __aeabi_idiv0
                0x0800100c                __aeabi_ldiv0
 *(.text*)
 .text._ZN11MotorDriver4initEP17TIM_HandleTypeDefmP12GPIO_TypeDeftS3_t
                0x08001010       0x5c ./Core/Inc/Custom/Motor/MotorDriver.o
                0x08001010                MotorDriver::init(TIM_HandleTypeDef*, unsigned long, GPIO_TypeDef*, unsigned short, GPIO_TypeDef*, unsigned short)
 .text._ZN11MotorDriver7forwardEt
                0x0800106c       0x8a ./Core/Inc/Custom/Motor/MotorDriver.o
                0x0800106c                MotorDriver::forward(unsigned short)
 .text._ZN11MotorDriver4stopEv
                0x080010f6       0x5a ./Core/Inc/Custom/Motor/MotorDriver.o
                0x080010f6                MotorDriver::stop()
 .text._ZN9BlinkTaskD2Ev
                0x08001150       0x16 ./Core/Src/BlinkTask.o
                0x08001150                BlinkTask::~BlinkTask()
                0x08001150                BlinkTask::~BlinkTask()
 .text._ZN9BlinkTaskC2EP12GPIO_TypeDeftm
                0x08001166       0x30 ./Core/Src/BlinkTask.o
                0x08001166                BlinkTask::BlinkTask(GPIO_TypeDef*, unsigned short, unsigned long)
                0x08001166                BlinkTask::BlinkTask(GPIO_TypeDef*, unsigned short, unsigned long)
 *fill*         0x08001196        0x2 
 .text._ZN9BlinkTask5startEPKctm
                0x08001198       0x30 ./Core/Src/BlinkTask.o
                0x08001198                BlinkTask::start(char const*, unsigned short, unsigned long)
 .text._ZN9BlinkTask9runStaticEPv
                0x080011c8       0x16 ./Core/Src/BlinkTask.o
                0x080011c8                BlinkTask::runStatic(void*)
 *fill*         0x080011de        0x2 
 .text._ZN9BlinkTask3runEv
                0x080011e0       0x3c ./Core/Src/BlinkTask.o
                0x080011e0                BlinkTask::run()
 .text.__tcf_0  0x0800121c       0x10 ./Core/Src/ChargingStage.o
 .text._ZN13ChargingStage13ChargingStage12get_instanceEv
                0x0800122c       0x58 ./Core/Src/ChargingStage.o
                0x0800122c                ChargingStage::ChargingStage::get_instance()
 .text._ZN13ChargingStage13ChargingStageC2Ev
                0x08001284       0x58 ./Core/Src/ChargingStage.o
                0x08001284                ChargingStage::ChargingStage::ChargingStage()
                0x08001284                ChargingStage::ChargingStage::ChargingStage()
 .text._ZN13ChargingStage13ChargingStageD2Ev
                0x080012dc       0x1c ./Core/Src/ChargingStage.o
                0x080012dc                ChargingStage::ChargingStage::~ChargingStage()
                0x080012dc                ChargingStage::ChargingStage::~ChargingStage()
 .text._ZN13ChargingStage13ChargingStage11read_sensorEi
                0x080012f8       0x20 ./Core/Src/ChargingStage.o
                0x080012f8                ChargingStage::ChargingStage::read_sensor(int)
 .text._ZN13ChargingStage13ChargingStage31read_rot_block_is_motor_alignedEv
                0x08001318       0x16 ./Core/Src/ChargingStage.o
                0x08001318                ChargingStage::ChargingStage::read_rot_block_is_motor_aligned()
 .text._ZN13ChargingStage13ChargingStage33read_rot_block_num_consumed_railsEv
                0x0800132e       0x16 ./Core/Src/ChargingStage.o
                0x0800132e                ChargingStage::ChargingStage::read_rot_block_num_consumed_rails()
 .text._ZN13ChargingStage13ChargingStage27get_is_launch_payload_readyEv
                0x08001344       0x18 ./Core/Src/ChargingStage.o
                0x08001344                ChargingStage::ChargingStage::get_is_launch_payload_ready()
 .text._ZN13ChargingStage13ChargingStage37start_charging_stage_subsystem_threadEv
                0x0800135c       0x4c ./Core/Src/ChargingStage.o
                0x0800135c                ChargingStage::ChargingStage::start_charging_stage_subsystem_thread()
 .text._ZN13ChargingStage13ChargingStage9runStaticEPv
                0x080013a8       0x18 ./Core/Src/ChargingStage.o
                0x080013a8                ChargingStage::ChargingStage::runStatic(void*)
 .text._ZN13ChargingStage13ChargingStage19charging_stage_taskEPv
                0x080013c0      0x16c ./Core/Src/ChargingStage.o
                0x080013c0                ChargingStage::ChargingStage::charging_stage_task(void*)
 .text._ZN13ChargingStage13ChargingStage21simulate_button_pressEv
                0x0800152c       0x1e ./Core/Src/ChargingStage.o
                0x0800152c                ChargingStage::ChargingStage::simulate_button_press()
 .text._ZSt5isnanf
                0x0800154a       0x38 ./Core/Src/CoolingSystem.o
                0x0800154a                std::isnan(float)
 *fill*         0x08001582        0x2 
 .text.__tcf_0  0x08001584       0x10 ./Core/Src/CoolingSystem.o
 .text._ZN13CoolingSystem13CoolingSystem12get_instanceEv
                0x08001594       0x58 ./Core/Src/CoolingSystem.o
                0x08001594                CoolingSystem::CoolingSystem::get_instance()
 .text._ZN13CoolingSystem13CoolingSystemC2Ev
                0x080015ec       0x5c ./Core/Src/CoolingSystem.o
                0x080015ec                CoolingSystem::CoolingSystem::CoolingSystem()
                0x080015ec                CoolingSystem::CoolingSystem::CoolingSystem()
 .text._ZN13CoolingSystem13CoolingSystemD2Ev
                0x08001648       0x1c ./Core/Src/CoolingSystem.o
                0x08001648                CoolingSystem::CoolingSystem::~CoolingSystem()
                0x08001648                CoolingSystem::CoolingSystem::~CoolingSystem()
 .text._ZN13CoolingSystem13CoolingSystem9runStaticEPv
                0x08001664       0x18 ./Core/Src/CoolingSystem.o
                0x08001664                CoolingSystem::CoolingSystem::runStatic(void*)
 .text._ZN13CoolingSystem13CoolingSystem30start_cooling_subsystem_threadEv
                0x0800167c       0x4c ./Core/Src/CoolingSystem.o
                0x0800167c                CoolingSystem::CoolingSystem::start_cooling_subsystem_thread()
 .text._ZN13CoolingSystem13CoolingSystem19cooling_system_taskEPv
                0x080016c8      0x134 ./Core/Src/CoolingSystem.o
                0x080016c8                CoolingSystem::CoolingSystem::cooling_system_task(void*)
 .text._ZN13CoolingSystem13CoolingSystem17ui_fan_toggle_ISREt
                0x080017fc       0x4c ./Core/Src/CoolingSystem.o
                0x080017fc                CoolingSystem::CoolingSystem::ui_fan_toggle_ISR(unsigned short)
 .text._ZN13CoolingSystem13CoolingSystem13get_fan_stateEv
                0x08001848       0x48 ./Core/Src/CoolingSystem.o
                0x08001848                CoolingSystem::CoolingSystem::get_fan_state()
 .text._ZN13CoolingSystem13CoolingSystem21simulate_button_pressEv
                0x08001890       0x1e ./Core/Src/CoolingSystem.o
                0x08001890                CoolingSystem::CoolingSystem::simulate_button_press()
 .text._ZN13CoolingSystem13CoolingSystem13init_fan_gpioEP12GPIO_TypeDeft13GPIO_PinState
                0x080018ae       0x38 ./Core/Src/CoolingSystem.o
                0x080018ae                CoolingSystem::CoolingSystem::init_fan_gpio(GPIO_TypeDef*, unsigned short, GPIO_PinState)
 .text._ZN13CoolingSystem13CoolingSystem16write_fan_outputEb
                0x080018e6       0x4a ./Core/Src/CoolingSystem.o
                0x080018e6                CoolingSystem::CoolingSystem::write_fan_output(bool)
 .text._ZN13CoolingSystem13CoolingSystem15is_any_rail_hotEv
                0x08001930       0x5e ./Core/Src/CoolingSystem.o
                0x08001930                CoolingSystem::CoolingSystem::is_any_rail_hot()
 *fill*         0x0800198e        0x2 
 .text._ZN14FullSystemTest22next_test_step_from_uiEv
                0x08001990       0x24 ./Core/Src/FullSystemTest.o
                0x08001990                FullSystemTest::next_test_step_from_ui()
 .text.HAL_GPIO_EXTI_Callback
                0x080019b4       0x32 ./Core/Src/IO_Handler.o
                0x080019b4                HAL_GPIO_EXTI_Callback
 .text.HAL_UART_RxCpltCallback
                0x080019e6       0x1e ./Core/Src/IO_Handler.o
                0x080019e6                HAL_UART_RxCpltCallback
 .text._ZN10IO_Handler4initEv
                0x08001a04       0x18 ./Core/Src/IO_Handler.o
                0x08001a04                IO_Handler::init()
 .text._ZN10IO_Handler10uart_printEPKc
                0x08001a1c       0x64 ./Core/Src/IO_Handler.o
                0x08001a1c                IO_Handler::uart_print(char const*)
 .text._ZN13IRBreakSensorC2Ev
                0x08001a80       0x46 ./Core/Src/IRBreakSensor.o
                0x08001a80                IRBreakSensor::IRBreakSensor()
                0x08001a80                IRBreakSensor::IRBreakSensor()
 *fill*         0x08001ac6        0x2 
 .text._ZN13IRBreakSensor12get_instanceEv
                0x08001ac8       0x50 ./Core/Src/IRBreakSensor.o
                0x08001ac8                IRBreakSensor::get_instance()
 .text._ZN13IRBreakSensor20init_IR_break_threadEtm
                0x08001b18       0x34 ./Core/Src/IRBreakSensor.o
                0x08001b18                IRBreakSensor::init_IR_break_thread(unsigned short, unsigned long)
 .text._ZN13IRBreakSensor9taskEntryEPv
                0x08001b4c       0x16 ./Core/Src/IRBreakSensor.o
                0x08001b4c                IRBreakSensor::taskEntry(void*)
 .text._ZN13IRBreakSensor4initEtt
                0x08001b62       0x46 ./Core/Src/IRBreakSensor.o
                0x08001b62                IRBreakSensor::init(unsigned short, unsigned short)
 .text._ZN13IRBreakSensor16on_exti_callbackEt
                0x08001ba8       0x78 ./Core/Src/IRBreakSensor.o
                0x08001ba8                IRBreakSensor::on_exti_callback(unsigned short)
 .text._ZN13IRBreakSensor9task_loopEv
                0x08001c20      0x10c ./Core/Src/IRBreakSensor.o
                0x08001c20                IRBreakSensor::task_loop()
 .text._ZNK13IRBreakSensor14get_elapsed_msEv
                0x08001d2c       0x5e ./Core/Src/IRBreakSensor.o
                0x08001d2c                IRBreakSensor::get_elapsed_ms() const
 *fill*         0x08001d8a        0x2 
 .text._ZN13IRBreakSensor12get_velocityEv
                0x08001d8c       0x58 ./Core/Src/IRBreakSensor.o
                0x08001d8c                IRBreakSensor::get_velocity()
 .text._ZN13IRBreakSensor5resetEv
                0x08001de4       0x74 ./Core/Src/IRBreakSensor.o
                0x08001de4                IRBreakSensor::reset()
 .text._ZN13RotaryEncoderC2Ev
                0x08001e58       0x34 ./Core/Src/RotaryEncoder.o
                0x08001e58                RotaryEncoder::RotaryEncoder()
                0x08001e58                RotaryEncoder::RotaryEncoder()
 .text._ZN13RotaryEncoder12get_instanceEv
                0x08001e8c       0x50 ./Core/Src/RotaryEncoder.o
                0x08001e8c                RotaryEncoder::get_instance()
 .text._ZN13RotaryEncoder4initEP17TIM_HandleTypeDef
                0x08001edc       0x46 ./Core/Src/RotaryEncoder.o
                0x08001edc                RotaryEncoder::init(TIM_HandleTypeDef*)
 *fill*         0x08001f22        0x2 
 .text._ZN13RotaryEncoder12start_threadEtm
                0x08001f24       0x34 ./Core/Src/RotaryEncoder.o
                0x08001f24                RotaryEncoder::start_thread(unsigned short, unsigned long)
 .text._ZN13RotaryEncoder9runStaticEPv
                0x08001f58       0x16 ./Core/Src/RotaryEncoder.o
                0x08001f58                RotaryEncoder::runStatic(void*)
 .text._ZN13RotaryEncoder9task_loopEv
                0x08001f6e       0x6a ./Core/Src/RotaryEncoder.o
                0x08001f6e                RotaryEncoder::task_loop()
 .text._ZN13RotaryEncoder17get_angle_degreesEv
                0x08001fd8       0x94 ./Core/Src/RotaryEncoder.o
                0x08001fd8                RotaryEncoder::get_angle_degrees()
 .text._ZN13RotaryEncoder23get_angle_centi_degreesEv
                0x0800206c       0x74 ./Core/Src/RotaryEncoder.o
                0x0800206c                RotaryEncoder::get_angle_centi_degrees()
 .text._ZN13RotaryEncoder15is_rail_alignedEhl
                0x080020e0       0x82 ./Core/Src/RotaryEncoder.o
                0x080020e0                RotaryEncoder::is_rail_aligned(unsigned char, long)
 .text._ZN13RotaryEncoder25get_rail_index_zero_basedEv
                0x08002162       0x28 ./Core/Src/RotaryEncoder.o
                0x08002162                RotaryEncoder::get_rail_index_zero_based()
 *fill*         0x0800218a        0x2 
 .text.__tcf_0  0x0800218c       0x10 ./Core/Src/RotatingBlock.o
 .text._ZN13RotatingBlock13RotatingBlock12get_instanceEv
                0x0800219c       0x58 ./Core/Src/RotatingBlock.o
                0x0800219c                RotatingBlock::RotatingBlock::get_instance()
 .text._ZN13RotatingBlock13RotatingBlockC2Ev
                0x080021f4       0x98 ./Core/Src/RotatingBlock.o
                0x080021f4                RotatingBlock::RotatingBlock::RotatingBlock()
                0x080021f4                RotatingBlock::RotatingBlock::RotatingBlock()
 .text._ZN13RotatingBlock13RotatingBlockD2Ev
                0x0800228c       0x1c ./Core/Src/RotatingBlock.o
                0x0800228c                RotatingBlock::RotatingBlock::~RotatingBlock()
                0x0800228c                RotatingBlock::RotatingBlock::~RotatingBlock()
 .text._ZN13RotatingBlock13RotatingBlock19rotating_block_taskEPv
                0x080022a8      0x354 ./Core/Src/RotatingBlock.o
                0x080022a8                RotatingBlock::RotatingBlock::rotating_block_task(void*)
 .text._ZN13RotatingBlock13RotatingBlock22increment_rail_counterEb
                0x080025fc       0x42 ./Core/Src/RotatingBlock.o
                0x080025fc                RotatingBlock::RotatingBlock::increment_rail_counter(bool)
 *fill*         0x0800263e        0x2 
 .text._ZN13RotatingBlock13RotatingBlock37start_rotating_block_subsystem_threadEv
                0x08002640       0x4c ./Core/Src/RotatingBlock.o
                0x08002640                RotatingBlock::RotatingBlock::start_rotating_block_subsystem_thread()
 .text._ZN13RotatingBlock13RotatingBlock9runStaticEPv
                0x0800268c       0x18 ./Core/Src/RotatingBlock.o
                0x0800268c                RotatingBlock::RotatingBlock::runStatic(void*)
 .text._ZN13RotatingBlock13RotatingBlock18get_num_used_railsEv
                0x080026a4       0x18 ./Core/Src/RotatingBlock.o
                0x080026a4                RotatingBlock::RotatingBlock::get_num_used_rails()
 .text._ZN13RotatingBlock13RotatingBlock20get_is_motor_alignedEv
                0x080026bc       0x1a ./Core/Src/RotatingBlock.o
                0x080026bc                RotatingBlock::RotatingBlock::get_is_motor_aligned()
 .text._ZN13RotatingBlock13RotatingBlock21simulate_button_pressEv
                0x080026d6       0x1e ./Core/Src/RotatingBlock.o
                0x080026d6                RotatingBlock::RotatingBlock::simulate_button_press()
 .text._ZN13RotatingBlock13RotatingBlock17init_motor_driverEP17TIM_HandleTypeDefmP12GPIO_TypeDeftS4_t
                0x080026f4       0x32 ./Core/Src/RotatingBlock.o
                0x080026f4                RotatingBlock::RotatingBlock::init_motor_driver(TIM_HandleTypeDef*, unsigned long, GPIO_TypeDef*, unsigned short, GPIO_TypeDef*, unsigned short)
 .text._ZN13RotatingBlock13RotatingBlock24init_placer_motor_driverEP17TIM_HandleTypeDefmP12GPIO_TypeDeftS4_t
                0x08002726       0x32 ./Core/Src/RotatingBlock.o
                0x08002726                RotatingBlock::RotatingBlock::init_placer_motor_driver(TIM_HandleTypeDef*, unsigned long, GPIO_TypeDef*, unsigned short, GPIO_TypeDef*, unsigned short)
 .text._ZN13RotatingBlock13RotatingBlock24init_feedback_controllerEv
                0x08002758       0x40 ./Core/Src/RotatingBlock.o
                0x08002758                RotatingBlock::RotatingBlock::init_feedback_controller()
 .text._ZN13RotatingBlock13RotatingBlock18compute_motor_dutyEf
                0x08002798      0x14c ./Core/Src/RotatingBlock.o
                0x08002798                RotatingBlock::RotatingBlock::compute_motor_duty(float)
 .text._ZN13RotatingBlock13RotatingBlock26get_next_rail_target_angleEf
                0x080028e4       0xb4 ./Core/Src/RotatingBlock.o
                0x080028e4                RotatingBlock::RotatingBlock::get_next_rail_target_angle(float)
 .text._ZSt8isfinitef
                0x08002998       0x48 ./Core/Src/Thermistor2.o
                0x08002998                std::isfinite(float)
 .text.HAL_ADC_ConvCpltCallback
                0x080029e0       0x60 ./Core/Src/Thermistor2.o
                0x080029e0                HAL_ADC_ConvCpltCallback
 .text._ZN10ThermistorC2EP17ADC_HandleTypeDefm
                0x08002a40       0x36 ./Core/Src/Thermistor2.o
                0x08002a40                Thermistor::Thermistor(ADC_HandleTypeDef*, unsigned long)
                0x08002a40                Thermistor::Thermistor(ADC_HandleTypeDef*, unsigned long)
 *fill*         0x08002a76        0x2 
 .text._ZN10Thermistor12get_instanceEP17ADC_HandleTypeDefm
                0x08002a78       0x5c ./Core/Src/Thermistor2.o
                0x08002a78                Thermistor::get_instance(ADC_HandleTypeDef*, unsigned long)
 .text._ZN10Thermistor20initThermistorThreadEmm
                0x08002ad4       0x38 ./Core/Src/Thermistor2.o
                0x08002ad4                Thermistor::initThermistorThread(unsigned long, unsigned long)
 .text._ZN10Thermistor3runEv
                0x08002b0c       0xd8 ./Core/Src/Thermistor2.o
                0x08002b0c                Thermistor::run()
 .text._ZN10Thermistor9taskEntryEPv
                0x08002be4       0x16 ./Core/Src/Thermistor2.o
                0x08002be4                Thermistor::taskEntry(void*)
 *fill*         0x08002bfa        0x2 
 .text._ZN10Thermistor26Thermistor_CountsToVoltageEt
                0x08002bfc       0x3c ./Core/Src/Thermistor2.o
                0x08002bfc                Thermistor::Thermistor_CountsToVoltage(unsigned short)
 .text._ZN10Thermistor30Thermistor_VoltageToResistanceEf
                0x08002c38       0x74 ./Core/Src/Thermistor2.o
                0x08002c38                Thermistor::Thermistor_VoltageToResistance(float)
 .text._ZN10Thermistor28Thermistor_ResistanceToTempCEf
                0x08002cac       0xa8 ./Core/Src/Thermistor2.o
                0x08002cac                Thermistor::Thermistor_ResistanceToTempC(float)
 .text._ZN10Thermistor20Thermistor_ReadTempCEm
                0x08002d54       0x98 ./Core/Src/Thermistor2.o
                0x08002d54                Thermistor::Thermistor_ReadTempC(unsigned long)
 .text._ZN10Thermistor25Thermistor_ReadRawAverageEm
                0x08002dec       0x68 ./Core/Src/Thermistor2.o
                0x08002dec                Thermistor::Thermistor_ReadRawAverage(unsigned long)
 .text._ZN10Thermistor19Update_All_ChannelsEv
                0x08002e54       0xbc ./Core/Src/Thermistor2.o
                0x08002e54                Thermistor::Update_All_Channels()
 .text._ZN10Thermistor15get_rail_temp_cEv
                0x08002f10       0x1e ./Core/Src/Thermistor2.o
                0x08002f10                Thermistor::get_rail_temp_c()
 .text._ZN10Thermistor19get_cap_adc_voltageEv
                0x08002f2e       0x2c ./Core/Src/Thermistor2.o
                0x08002f2e                Thermistor::get_cap_adc_voltage()
 *fill*         0x08002f5a        0x2 
 .text._ZN10Thermistor20get_cap_bank_voltageEv
                0x08002f5c       0x48 ./Core/Src/Thermistor2.o
                0x08002f5c                Thermistor::get_cap_bank_voltage()
 .text._ZN18UI_CommandReceiverC2Ev
                0x08002fa4       0x78 ./Core/Src/UI_CommandReceiver.o
                0x08002fa4                UI_CommandReceiver::UI_CommandReceiver()
                0x08002fa4                UI_CommandReceiver::UI_CommandReceiver()
 .text._ZN18UI_CommandReceiver12get_instanceEv
                0x0800301c       0x50 ./Core/Src/UI_CommandReceiver.o
                0x0800301c                UI_CommandReceiver::get_instance()
 .text._ZN18UI_CommandReceiver11send_to_guiEPKc
                0x0800306c       0x6e ./Core/Src/UI_CommandReceiver.o
                0x0800306c                UI_CommandReceiver::send_to_gui(char const*)
 .text._ZN18UI_CommandReceiver4initEP20__UART_HandleTypeDef
                0x080030da       0x52 ./Core/Src/UI_CommandReceiver.o
                0x080030da                UI_CommandReceiver::init(__UART_HandleTypeDef*)
 .text._ZN18UI_CommandReceiver12start_threadEtm
                0x0800312c       0x34 ./Core/Src/UI_CommandReceiver.o
                0x0800312c                UI_CommandReceiver::start_thread(unsigned short, unsigned long)
 .text._ZN18UI_CommandReceiver9runStaticEPv
                0x08003160       0x16 ./Core/Src/UI_CommandReceiver.o
                0x08003160                UI_CommandReceiver::runStatic(void*)
 *fill*         0x08003176        0x2 
 .text._ZN18UI_CommandReceiver19on_uart_rx_callbackEP20__UART_HandleTypeDef
                0x08003178       0x6c ./Core/Src/UI_CommandReceiver.o
                0x08003178                UI_CommandReceiver::on_uart_rx_callback(__UART_HandleTypeDef*)
 .text._ZN18UI_CommandReceiver9task_loopEv
                0x080031e4       0xae ./Core/Src/UI_CommandReceiver.o
                0x080031e4                UI_CommandReceiver::task_loop()
 *fill*         0x08003292        0x2 
 .text._ZN18UI_CommandReceiver15process_commandEc
                0x08003294      0x2d0 ./Core/Src/UI_CommandReceiver.o
                0x08003294                UI_CommandReceiver::process_command(char)
 .text._ZN18UI_CommandReceiver13send_responseEPKc
                0x08003564       0x1a ./Core/Src/UI_CommandReceiver.o
                0x08003564                UI_CommandReceiver::send_response(char const*)
 *fill*         0x0800357e        0x2 
 .text._ZN18UI_CommandReceiver12process_lineEPKc
                0x08003580       0x74 ./Core/Src/UI_CommandReceiver.o
                0x08003580                UI_CommandReceiver::process_line(char const*)
 .text._ZN18UI_CommandReceiver18process_rtemp_lineEPKc
                0x080035f4      0x158 ./Core/Src/UI_CommandReceiver.o
                0x080035f4                UI_CommandReceiver::process_rtemp_line(char const*)
 .text._ZN18UI_CommandReceiver17get_remote_temp_cEh
                0x0800374c       0x74 ./Core/Src/UI_CommandReceiver.o
                0x0800374c                UI_CommandReceiver::get_remote_temp_c(unsigned char)
 .text._ZN12_GLOBAL__N_111split_floatEfRlS0_
                0x080037c0       0x84 ./Core/Src/UI_TelemetryTransmitter.o
 .text._ZN23UI_TelemetryTransmitterC2Ev
                0x08003844       0x1c ./Core/Src/UI_TelemetryTransmitter.o
                0x08003844                UI_TelemetryTransmitter::UI_TelemetryTransmitter()
                0x08003844                UI_TelemetryTransmitter::UI_TelemetryTransmitter()
 .text._ZN23UI_TelemetryTransmitter12get_instanceEv
                0x08003860       0x50 ./Core/Src/UI_TelemetryTransmitter.o
                0x08003860                UI_TelemetryTransmitter::get_instance()
 .text._ZN23UI_TelemetryTransmitter12start_threadEtm
                0x080038b0       0x54 ./Core/Src/UI_TelemetryTransmitter.o
                0x080038b0                UI_TelemetryTransmitter::start_thread(unsigned short, unsigned long)
 .text._ZN23UI_TelemetryTransmitter9runStaticEPv
                0x08003904       0x16 ./Core/Src/UI_TelemetryTransmitter.o
                0x08003904                UI_TelemetryTransmitter::runStatic(void*)
 *fill*         0x0800391a        0x2 
 .text._ZN23UI_TelemetryTransmitter9task_loopEv
                0x0800391c      0x1ac ./Core/Src/UI_TelemetryTransmitter.o
                0x0800391c                UI_TelemetryTransmitter::task_loop()
 .text.MX_ADC1_Init
                0x08003ac8       0xc0 ./Core/Src/adc.o
                0x08003ac8                MX_ADC1_Init
 .text.HAL_ADC_MspInit
                0x08003b88      0x100 ./Core/Src/adc.o
                0x08003b88                HAL_ADC_MspInit
 .text.arm_pid_init_f32
                0x08003c88       0x6c ./Core/Src/arm_pid_init_f32.o
                0x08003c88                arm_pid_init_f32
 .text.MX_DMA_Init
                0x08003cf4       0x40 ./Core/Src/dma.o
                0x08003cf4                MX_DMA_Init
 .text.MX_FREERTOS_Init
                0x08003d34       0x24 ./Core/Src/freertos.o
                0x08003d34                MX_FREERTOS_Init
 .text.StartDefaultTask
                0x08003d58       0x10 ./Core/Src/freertos.o
                0x08003d58                StartDefaultTask
 .text.MX_GPIO_Init
                0x08003d68      0x1a4 ./Core/Src/gpio.o
                0x08003d68                MX_GPIO_Init
 .text.main     0x08003f0c      0x168 ./Core/Src/main.o
                0x08003f0c                main
 .text._Z18SystemClock_Configv
                0x08004074       0xf0 ./Core/Src/main.o
                0x08004074                SystemClock_Config()
 .text.HAL_TIM_PeriodElapsedCallback
                0x08004164       0x24 ./Core/Src/main.o
                0x08004164                HAL_TIM_PeriodElapsedCallback
 .text.Error_Handler
                0x08004188        0xc ./Core/Src/main.o
                0x08004188                Error_Handler
 .text._Z41__static_initialization_and_destruction_0v
                0x08004194       0x7c ./Core/Src/main.o
 .text._Z41__static_initialization_and_destruction_1v
                0x08004210       0x14 ./Core/Src/main.o
 .text._GLOBAL__sub_I_statusLed
                0x08004224        0xa ./Core/Src/main.o
 .text._GLOBAL__sub_D_statusLed
                0x0800422e        0xa ./Core/Src/main.o
 .text.HAL_MspInit
                0x08004238       0x58 ./Core/Src/stm32f4xx_hal_msp.o
                0x08004238                HAL_MspInit
 .text.HAL_InitTick
                0x08004290       0xf8 ./Core/Src/stm32f4xx_hal_timebase_tim.o
                0x08004290                HAL_InitTick
 .text.NMI_Handler
                0x08004388        0x8 ./Core/Src/stm32f4xx_it.o
                0x08004388                NMI_Handler
 .text.HardFault_Handler
                0x08004390        0x8 ./Core/Src/stm32f4xx_it.o
                0x08004390                HardFault_Handler
 .text.MemManage_Handler
                0x08004398        0x8 ./Core/Src/stm32f4xx_it.o
                0x08004398                MemManage_Handler
 .text.BusFault_Handler
                0x080043a0        0x8 ./Core/Src/stm32f4xx_it.o
                0x080043a0                BusFault_Handler
 .text.UsageFault_Handler
                0x080043a8        0x8 ./Core/Src/stm32f4xx_it.o
                0x080043a8                UsageFault_Handler
 .text.DebugMon_Handler
                0x080043b0        0xe ./Core/Src/stm32f4xx_it.o
                0x080043b0                DebugMon_Handler
 .text.EXTI4_IRQHandler
                0x080043be        0xe ./Core/Src/stm32f4xx_it.o
                0x080043be                EXTI4_IRQHandler
 .text.ADC_IRQHandler
                0x080043cc       0x14 ./Core/Src/stm32f4xx_it.o
                0x080043cc                ADC_IRQHandler
 .text.EXTI9_5_IRQHandler
                0x080043e0       0x1c ./Core/Src/stm32f4xx_it.o
                0x080043e0                EXTI9_5_IRQHandler
 .text.USART2_IRQHandler
                0x080043fc       0x14 ./Core/Src/stm32f4xx_it.o
                0x080043fc                USART2_IRQHandler
 .text.UART5_IRQHandler
                0x08004410       0x14 ./Core/Src/stm32f4xx_it.o
                0x08004410                UART5_IRQHandler
 .text.TIM6_DAC_IRQHandler
                0x08004424       0x14 ./Core/Src/stm32f4xx_it.o
                0x08004424                TIM6_DAC_IRQHandler
 .text.DMA2_Stream0_IRQHandler
                0x08004438       0x14 ./Core/Src/stm32f4xx_it.o
                0x08004438                DMA2_Stream0_IRQHandler
 .text._getpid  0x0800444c       0x10 ./Core/Src/syscalls.o
                0x0800444c                _getpid
 .text._kill    0x0800445c       0x20 ./Core/Src/syscalls.o
                0x0800445c                _kill
 .text._exit    0x0800447c       0x16 ./Core/Src/syscalls.o
                0x0800447c                _exit
 .text._read    0x08004492       0x3a ./Core/Src/syscalls.o
                0x08004492                _read
 .text._write   0x080044cc       0x38 ./Core/Src/syscalls.o
                0x080044cc                _write
 .text._close   0x08004504       0x18 ./Core/Src/syscalls.o
                0x08004504                _close
 .text._fstat   0x0800451c       0x20 ./Core/Src/syscalls.o
                0x0800451c                _fstat
 .text._isatty  0x0800453c       0x16 ./Core/Src/syscalls.o
                0x0800453c                _isatty
 .text._lseek   0x08004552       0x1a ./Core/Src/syscalls.o
                0x08004552                _lseek
 .text._sbrk    0x0800456c       0x6c ./Core/Src/sysmem.o
                0x0800456c                _sbrk
 .text.SystemInit
                0x080045d8       0x24 ./Core/Src/system_stm32f4xx.o
                0x080045d8                SystemInit
 .text.MX_TIM3_Init
                0x080045fc       0xc8 ./Core/Src/tim.o
                0x080045fc                MX_TIM3_Init
 .text.MX_TIM4_Init
                0x080046c4       0xa8 ./Core/Src/tim.o
                0x080046c4                MX_TIM4_Init
 .text.HAL_TIM_PWM_MspInit
                0x0800476c       0x44 ./Core/Src/tim.o
                0x0800476c                HAL_TIM_PWM_MspInit
 .text.HAL_TIM_Encoder_MspInit
                0x080047b0       0x90 ./Core/Src/tim.o
                0x080047b0                HAL_TIM_Encoder_MspInit
 .text.HAL_TIM_MspPostInit
                0x08004840       0xb4 ./Core/Src/tim.o
                0x08004840                HAL_TIM_MspPostInit
 .text.MX_UART5_Init
                0x080048f4       0x54 ./Core/Src/usart.o
                0x080048f4                MX_UART5_Init
 .text.MX_USART2_UART_Init
                0x08004948       0x54 ./Core/Src/usart.o
                0x08004948                MX_USART2_UART_Init
 .text.HAL_UART_MspInit
                0x0800499c      0x15c ./Core/Src/usart.o
                0x0800499c                HAL_UART_MspInit
 .text.Reset_Handler
                0x08004af8       0x50 ./Core/Startup/startup_stm32f446retx.o
                0x08004af8                Reset_Handler
 .text.Default_Handler
                0x08004b48        0x2 ./Core/Startup/startup_stm32f446retx.o
                0x08004b48                RTC_Alarm_IRQHandler
                0x08004b48                EXTI2_IRQHandler
                0x08004b48                TIM8_CC_IRQHandler
                0x08004b48                FMPI2C1_EV_IRQHandler
                0x08004b48                SPI4_IRQHandler
                0x08004b48                TIM1_CC_IRQHandler
                0x08004b48                DMA2_Stream5_IRQHandler
                0x08004b48                DMA1_Stream5_IRQHandler
                0x08004b48                PVD_IRQHandler
                0x08004b48                SDIO_IRQHandler
                0x08004b48                TAMP_STAMP_IRQHandler
                0x08004b48                CAN2_RX1_IRQHandler
                0x08004b48                EXTI3_IRQHandler
                0x08004b48                TIM8_TRG_COM_TIM14_IRQHandler
                0x08004b48                TIM1_UP_TIM10_IRQHandler
                0x08004b48                TIM8_UP_TIM13_IRQHandler
                0x08004b48                I2C3_ER_IRQHandler
                0x08004b48                EXTI0_IRQHandler
                0x08004b48                I2C2_EV_IRQHandler
                0x08004b48                DMA1_Stream2_IRQHandler
                0x08004b48                CAN1_RX0_IRQHandler
                0x08004b48                FPU_IRQHandler
                0x08004b48                OTG_HS_WKUP_IRQHandler
                0x08004b48                CAN2_SCE_IRQHandler
                0x08004b48                DMA2_Stream2_IRQHandler
                0x08004b48                SPI1_IRQHandler
                0x08004b48                TIM1_BRK_TIM9_IRQHandler
                0x08004b48                DCMI_IRQHandler
                0x08004b48                CAN2_RX0_IRQHandler
                0x08004b48                DMA2_Stream3_IRQHandler
                0x08004b48                SAI2_IRQHandler
                0x08004b48                USART6_IRQHandler
                0x08004b48                USART3_IRQHandler
                0x08004b48                CAN1_RX1_IRQHandler
                0x08004b48                TIM4_IRQHandler
                0x08004b48                QUADSPI_IRQHandler
                0x08004b48                I2C1_EV_IRQHandler
                0x08004b48                DMA1_Stream6_IRQHandler
                0x08004b48                DMA1_Stream1_IRQHandler
                0x08004b48                UART4_IRQHandler
                0x08004b48                TIM3_IRQHandler
                0x08004b48                RCC_IRQHandler
                0x08004b48                TIM8_BRK_TIM12_IRQHandler
                0x08004b48                Default_Handler
                0x08004b48                CEC_IRQHandler
                0x08004b48                EXTI15_10_IRQHandler
                0x08004b48                DMA1_Stream7_IRQHandler
                0x08004b48                TIM7_IRQHandler
                0x08004b48                CAN2_TX_IRQHandler
                0x08004b48                TIM5_IRQHandler
                0x08004b48                DMA2_Stream7_IRQHandler
                0x08004b48                I2C3_EV_IRQHandler
                0x08004b48                RTC_WKUP_IRQHandler
                0x08004b48                SPDIF_RX_IRQHandler
                0x08004b48                SPI2_IRQHandler
                0x08004b48                OTG_HS_EP1_IN_IRQHandler
                0x08004b48                DMA1_Stream0_IRQHandler
                0x08004b48                CAN1_TX_IRQHandler
                0x08004b48                FMPI2C1_ER_IRQHandler
                0x08004b48                OTG_HS_EP1_OUT_IRQHandler
                0x08004b48                WWDG_IRQHandler
                0x08004b48                TIM2_IRQHandler
                0x08004b48                OTG_FS_WKUP_IRQHandler
                0x08004b48                TIM1_TRG_COM_TIM11_IRQHandler
                0x08004b48                OTG_HS_IRQHandler
                0x08004b48                EXTI1_IRQHandler
                0x08004b48                I2C2_ER_IRQHandler
                0x08004b48                DMA2_Stream1_IRQHandler
                0x08004b48                CAN1_SCE_IRQHandler
                0x08004b48                FLASH_IRQHandler
                0x08004b48                DMA2_Stream4_IRQHandler
                0x08004b48                USART1_IRQHandler
                0x08004b48                OTG_FS_IRQHandler
                0x08004b48                SPI3_IRQHandler
                0x08004b48                DMA1_Stream4_IRQHandler
                0x08004b48                I2C1_ER_IRQHandler
                0x08004b48                FMC_IRQHandler
                0x08004b48                DMA2_Stream6_IRQHandler
                0x08004b48                SAI1_IRQHandler
                0x08004b48                DMA1_Stream3_IRQHandler
 .text.stm32_lock_init
                0x08004b4a       0x44 ./Core/ThreadSafe/newlib_lock_glue.o
 .text.stm32_lock_acquire
                0x08004b8e       0x64 ./Core/ThreadSafe/newlib_lock_glue.o
 .text.stm32_lock_release
                0x08004bf2       0x58 ./Core/ThreadSafe/newlib_lock_glue.o
 .text.__retarget_lock_init_recursive
                0x08004c4a       0x4e ./Core/ThreadSafe/newlib_lock_glue.o
                0x08004c4a                __retarget_lock_init_recursive
 .text.__retarget_lock_acquire_recursive
                0x08004c98       0x2a ./Core/ThreadSafe/newlib_lock_glue.o
                0x08004c98                __retarget_lock_acquire_recursive
 .text.__retarget_lock_release_recursive
                0x08004cc2       0x2a ./Core/ThreadSafe/newlib_lock_glue.o
                0x08004cc2                __retarget_lock_release_recursive
 .text.__cxa_guard_acquire
                0x08004cec       0x88 ./Core/ThreadSafe/newlib_lock_glue.o
                0x08004cec                __cxa_guard_acquire
 .text.__cxa_guard_abort
                0x08004d74       0x48 ./Core/ThreadSafe/newlib_lock_glue.o
                0x08004d74                __cxa_guard_abort
 .text.__cxa_guard_release
                0x08004dbc       0x3e ./Core/ThreadSafe/newlib_lock_glue.o
                0x08004dbc                __cxa_guard_release
 *fill*         0x08004dfa        0x2 
 .text.HAL_Init
                0x08004dfc       0x44 ./Drivers/STM32F4xx_HAL_Driver/Src/stm32f4xx_hal.o
                0x08004dfc                HAL_Init
 .text.HAL_IncTick
                0x08004e40       0x28 ./Drivers/STM32F4xx_HAL_Driver/Src/stm32f4xx_hal.o
                0x08004e40                HAL_IncTick
 .text.HAL_GetTick
                0x08004e68       0x18 ./Drivers/STM32F4xx_HAL_Driver/Src/stm32f4xx_hal.o
                0x08004e68                HAL_GetTick
 .text.HAL_ADC_Init
                0x08004e80       0x86 ./Drivers/STM32F4xx_HAL_Driver/Src/stm32f4xx_hal_adc.o
                0x08004e80                HAL_ADC_Init
 .text.HAL_ADC_IRQHandler
                0x08004f06      0x220 ./Drivers/STM32F4xx_HAL_Driver/Src/stm32f4xx_hal_adc.o
                0x08004f06                HAL_ADC_IRQHandler
 *fill*         0x08005126        0x2 
 .text.HAL_ADC_Start_DMA
                0x08005128      0x228 ./Drivers/STM32F4xx_HAL_Driver/Src/stm32f4xx_hal_adc.o
                0x08005128                HAL_ADC_Start_DMA
 .text.HAL_ADC_Stop_DMA
                0x08005350       0xb4 ./Drivers/STM32F4xx_HAL_Driver/Src/stm32f4xx_hal_adc.o
                0x08005350                HAL_ADC_Stop_DMA
 .text.HAL_ADC_ConvHalfCpltCallback
                0x08005404       0x14 ./Drivers/STM32F4xx_HAL_Driver/Src/stm32f4xx_hal_adc.o
                0x08005404                HAL_ADC_ConvHalfCpltCallback
 .text.HAL_ADC_LevelOutOfWindowCallback
                0x08005418       0x14 ./Drivers/STM32F4xx_HAL_Driver/Src/stm32f4xx_hal_adc.o
                0x08005418                HAL_ADC_LevelOutOfWindowCallback
 .text.HAL_ADC_ErrorCallback
                0x0800542c       0x14 ./Drivers/STM32F4xx_HAL_Driver/Src/stm32f4xx_hal_adc.o
                0x0800542c                HAL_ADC_ErrorCallback
 .text.HAL_ADC_ConfigChannel
                0x08005440      0x264 ./Drivers/STM32F4xx_HAL_Driver/Src/stm32f4xx_hal_adc.o
                0x08005440                HAL_ADC_ConfigChannel
 .text.ADC_Init
                0x080056a4      0x1f8 ./Drivers/STM32F4xx_HAL_Driver/Src/stm32f4xx_hal_adc.o
 .text.ADC_DMAConvCplt
                0x0800589c       0xba ./Drivers/STM32F4xx_HAL_Driver/Src/stm32f4xx_hal_adc.o
 .text.ADC_DMAHalfConvCplt
                0x08005956       0x1c ./Drivers/STM32F4xx_HAL_Driver/Src/stm32f4xx_hal_adc.o
 .text.ADC_DMAError
                0x08005972       0x2e ./Drivers/STM32F4xx_HAL_Driver/Src/stm32f4xx_hal_adc.o
 .text.HAL_ADCEx_InjectedConvCpltCallback
                0x080059a0       0x14 ./Drivers/STM32F4xx_HAL_Driver/Src/stm32f4xx_hal_adc_ex.o
                0x080059a0                HAL_ADCEx_InjectedConvCpltCallback
 .text.__NVIC_SetPriorityGrouping
                0x080059b4       0x48 ./Drivers/STM32F4xx_HAL_Driver/Src/stm32f4xx_hal_cortex.o
 .text.__NVIC_GetPriorityGrouping
                0x080059fc       0x1c ./Drivers/STM32F4xx_HAL_Driver/Src/stm32f4xx_hal_cortex.o
 .text.__NVIC_EnableIRQ
                0x08005a18       0x3c ./Drivers/STM32F4xx_HAL_Driver/Src/stm32f4xx_hal_cortex.o
 .text.__NVIC_SetPriority
                0x08005a54       0x54 ./Drivers/STM32F4xx_HAL_Driver/Src/stm32f4xx_hal_cortex.o
 .text.NVIC_EncodePriority
                0x08005aa8       0x66 ./Drivers/STM32F4xx_HAL_Driver/Src/stm32f4xx_hal_cortex.o
 .text.HAL_NVIC_SetPriorityGrouping
                0x08005b0e       0x16 ./Drivers/STM32F4xx_HAL_Driver/Src/stm32f4xx_hal_cortex.o
                0x08005b0e                HAL_NVIC_SetPriorityGrouping
 .text.HAL_NVIC_SetPriority
                0x08005b24       0x38 ./Drivers/STM32F4xx_HAL_Driver/Src/stm32f4xx_hal_cortex.o
                0x08005b24                HAL_NVIC_SetPriority
 .text.HAL_NVIC_EnableIRQ
                0x08005b5c       0x1c ./Drivers/STM32F4xx_HAL_Driver/Src/stm32f4xx_hal_cortex.o
                0x08005b5c                HAL_NVIC_EnableIRQ
 .text.HAL_DMA_Init
                0x08005b78      0x15c ./Drivers/STM32F4xx_HAL_Driver/Src/stm32f4xx_hal_dma.o
                0x08005b78                HAL_DMA_Init
 .text.HAL_DMA_Start_IT
                0x08005cd4       0xb0 ./Drivers/STM32F4xx_HAL_Driver/Src/stm32f4xx_hal_dma.o
                0x08005cd4                HAL_DMA_Start_IT
 .text.HAL_DMA_Abort
                0x08005d84       0xe0 ./Drivers/STM32F4xx_HAL_Driver/Src/stm32f4xx_hal_dma.o
                0x08005d84                HAL_DMA_Abort
 .text.HAL_DMA_Abort_IT
                0x08005e64       0x44 ./Drivers/STM32F4xx_HAL_Driver/Src/stm32f4xx_hal_dma.o
                0x08005e64                HAL_DMA_Abort_IT
 .text.HAL_DMA_IRQHandler
                0x08005ea8      0x314 ./Drivers/STM32F4xx_HAL_Driver/Src/stm32f4xx_hal_dma.o
                0x08005ea8                HAL_DMA_IRQHandler
 .text.DMA_SetConfig
                0x080061bc       0x5c ./Drivers/STM32F4xx_HAL_Driver/Src/stm32f4xx_hal_dma.o
 .text.DMA_CalcBaseAndBitshift
                0x08006218       0x6c ./Drivers/STM32F4xx_HAL_Driver/Src/stm32f4xx_hal_dma.o
 .text.DMA_CheckFifoParam
                0x08006284       0xf8 ./Drivers/STM32F4xx_HAL_Driver/Src/stm32f4xx_hal_dma.o
 .text.HAL_GPIO_Init
                0x0800637c      0x328 ./Drivers/STM32F4xx_HAL_Driver/Src/stm32f4xx_hal_gpio.o
                0x0800637c                HAL_GPIO_Init
 .text.HAL_GPIO_WritePin
                0x080066a4       0x32 ./Drivers/STM32F4xx_HAL_Driver/Src/stm32f4xx_hal_gpio.o
                0x080066a4                HAL_GPIO_WritePin
 .text.HAL_GPIO_TogglePin
                0x080066d6       0x34 ./Drivers/STM32F4xx_HAL_Driver/Src/stm32f4xx_hal_gpio.o
                0x080066d6                HAL_GPIO_TogglePin
 *fill*         0x0800670a        0x2 
 .text.HAL_GPIO_EXTI_IRQHandler
                0x0800670c       0x30 ./Drivers/STM32F4xx_HAL_Driver/Src/stm32f4xx_hal_gpio.o
                0x0800670c                HAL_GPIO_EXTI_IRQHandler
 .text.HAL_RCC_ClockConfig
                0x0800673c      0x1cc ./Drivers/STM32F4xx_HAL_Driver/Src/stm32f4xx_hal_rcc.o
                0x0800673c                HAL_RCC_ClockConfig
 .text.HAL_RCC_GetHCLKFreq
                0x08006908       0x18 ./Drivers/STM32F4xx_HAL_Driver/Src/stm32f4xx_hal_rcc.o
                0x08006908                HAL_RCC_GetHCLKFreq
 .text.HAL_RCC_GetPCLK1Freq
                0x08006920       0x28 ./Drivers/STM32F4xx_HAL_Driver/Src/stm32f4xx_hal_rcc.o
                0x08006920                HAL_RCC_GetPCLK1Freq
 .text.HAL_RCC_GetPCLK2Freq
                0x08006948       0x28 ./Drivers/STM32F4xx_HAL_Driver/Src/stm32f4xx_hal_rcc.o
                0x08006948                HAL_RCC_GetPCLK2Freq
 .text.HAL_RCC_GetClockConfig
                0x08006970       0x64 ./Drivers/STM32F4xx_HAL_Driver/Src/stm32f4xx_hal_rcc.o
                0x08006970                HAL_RCC_GetClockConfig
 .text.HAL_RCC_GetSysClockFreq
                0x080069d4      0x460 ./Drivers/STM32F4xx_HAL_Driver/Src/stm32f4xx_hal_rcc_ex.o
                0x080069d4                HAL_RCC_GetSysClockFreq
 .text.HAL_RCC_OscConfig
                0x08006e34      0x53c ./Drivers/STM32F4xx_HAL_Driver/Src/stm32f4xx_hal_rcc_ex.o
                0x08006e34                HAL_RCC_OscConfig
 .text.HAL_TIM_Base_Init
                0x08007370       0x9e ./Drivers/STM32F4xx_HAL_Driver/Src/stm32f4xx_hal_tim.o
                0x08007370                HAL_TIM_Base_Init
 .text.HAL_TIM_Base_MspInit
                0x0800740e       0x14 ./Drivers/STM32F4xx_HAL_Driver/Src/stm32f4xx_hal_tim.o
                0x0800740e                HAL_TIM_Base_MspInit
 *fill*         0x08007422        0x2 
 .text.HAL_TIM_Base_Start_IT
                0x08007424       0xe0 ./Drivers/STM32F4xx_HAL_Driver/Src/stm32f4xx_hal_tim.o
                0x08007424                HAL_TIM_Base_Start_IT
 .text.HAL_TIM_PWM_Init
                0x08007504       0x9e ./Drivers/STM32F4xx_HAL_Driver/Src/stm32f4xx_hal_tim.o
                0x08007504                HAL_TIM_PWM_Init
 *fill*         0x080075a2        0x2 
 .text.HAL_TIM_PWM_Start
                0x080075a4      0x190 ./Drivers/STM32F4xx_HAL_Driver/Src/stm32f4xx_hal_tim.o
                0x080075a4                HAL_TIM_PWM_Start
 .text.HAL_TIM_Encoder_Init
                0x08007734      0x14c ./Drivers/STM32F4xx_HAL_Driver/Src/stm32f4xx_hal_tim.o
                0x08007734                HAL_TIM_Encoder_Init
 .text.HAL_TIM_Encoder_Start
                0x08007880      0x11c ./Drivers/STM32F4xx_HAL_Driver/Src/stm32f4xx_hal_tim.o
                0x08007880                HAL_TIM_Encoder_Start
 .text.HAL_TIM_IRQHandler
                0x0800799c      0x1e0 ./Drivers/STM32F4xx_HAL_Driver/Src/stm32f4xx_hal_tim.o
                0x0800799c                HAL_TIM_IRQHandler
 .text.HAL_TIM_PWM_ConfigChannel
                0x08007b7c      0x184 ./Drivers/STM32F4xx_HAL_Driver/Src/stm32f4xx_hal_tim.o
                0x08007b7c                HAL_TIM_PWM_ConfigChannel
 .text.HAL_TIM_OC_DelayElapsedCallback
                0x08007d00       0x14 ./Drivers/STM32F4xx_HAL_Driver/Src/stm32f4xx_hal_tim.o
                0x08007d00                HAL_TIM_OC_DelayElapsedCallback
 .text.HAL_TIM_IC_CaptureCallback
                0x08007d14       0x14 ./Drivers/STM32F4xx_HAL_Driver/Src/stm32f4xx_hal_tim.o
                0x08007d14                HAL_TIM_IC_CaptureCallback
 .text.HAL_TIM_PWM_PulseFinishedCallback
                0x08007d28       0x14 ./Drivers/STM32F4xx_HAL_Driver/Src/stm32f4xx_hal_tim.o
                0x08007d28                HAL_TIM_PWM_PulseFinishedCallback
 .text.HAL_TIM_TriggerCallback
                0x08007d3c       0x14 ./Drivers/STM32F4xx_HAL_Driver/Src/stm32f4xx_hal_tim.o
                0x08007d3c                HAL_TIM_TriggerCallback
 .text.TIM_Base_SetConfig
                0x08007d50      0x14c ./Drivers/STM32F4xx_HAL_Driver/Src/stm32f4xx_hal_tim.o
                0x08007d50                TIM_Base_SetConfig
 .text.TIM_OC1_SetConfig
                0x08007e9c       0xe0 ./Drivers/STM32F4xx_HAL_Driver/Src/stm32f4xx_hal_tim.o
 .text.TIM_OC2_SetConfig
                0x08007f7c       0xec ./Drivers/STM32F4xx_HAL_Driver/Src/stm32f4xx_hal_tim.o
                0x08007f7c                TIM_OC2_SetConfig
 .text.TIM_OC3_SetConfig
                0x08008068       0xe8 ./Drivers/STM32F4xx_HAL_Driver/Src/stm32f4xx_hal_tim.o
 .text.TIM_OC4_SetConfig
                0x08008150       0xac ./Drivers/STM32F4xx_HAL_Driver/Src/stm32f4xx_hal_tim.o
 .text.TIM_CCxChannelCmd
                0x080081fc       0x4a ./Drivers/STM32F4xx_HAL_Driver/Src/stm32f4xx_hal_tim.o
                0x080081fc                TIM_CCxChannelCmd
 *fill*         0x08008246        0x2 
 .text.HAL_TIMEx_MasterConfigSynchronization
                0x08008248       0xf8 ./Drivers/STM32F4xx_HAL_Driver/Src/stm32f4xx_hal_tim_ex.o
                0x08008248                HAL_TIMEx_MasterConfigSynchronization
 .text.HAL_TIMEx_CommutCallback
                0x08008340       0x14 ./Drivers/STM32F4xx_HAL_Driver/Src/stm32f4xx_hal_tim_ex.o
                0x08008340                HAL_TIMEx_CommutCallback
 .text.HAL_TIMEx_BreakCallback
                0x08008354       0x14 ./Drivers/STM32F4xx_HAL_Driver/Src/stm32f4xx_hal_tim_ex.o
                0x08008354                HAL_TIMEx_BreakCallback
 .text.HAL_UART_Init
                0x08008368       0xa0 ./Drivers/STM32F4xx_HAL_Driver/Src/stm32f4xx_hal_uart.o
                0x08008368                HAL_UART_Init
 .text.HAL_UART_Transmit
                0x08008408      0x116 ./Drivers/STM32F4xx_HAL_Driver/Src/stm32f4xx_hal_uart.o
                0x08008408                HAL_UART_Transmit
 .text.HAL_UART_Receive_IT
                0x0800851e       0x4a ./Drivers/STM32F4xx_HAL_Driver/Src/stm32f4xx_hal_uart.o
                0x0800851e                HAL_UART_Receive_IT
 .text.HAL_UART_IRQHandler
                0x08008568      0x554 ./Drivers/STM32F4xx_HAL_Driver/Src/stm32f4xx_hal_uart.o
                0x08008568                HAL_UART_IRQHandler
 .text.HAL_UART_TxCpltCallback
                0x08008abc       0x14 ./Drivers/STM32F4xx_HAL_Driver/Src/stm32f4xx_hal_uart.o
                0x08008abc                HAL_UART_TxCpltCallback
 .text.HAL_UART_ErrorCallback
                0x08008ad0       0x14 ./Drivers/STM32F4xx_HAL_Driver/Src/stm32f4xx_hal_uart.o
                0x08008ad0                HAL_UART_ErrorCallback
 .text.HAL_UARTEx_RxEventCallback
                0x08008ae4       0x18 ./Drivers/STM32F4xx_HAL_Driver/Src/stm32f4xx_hal_uart.o
                0x08008ae4                HAL_UARTEx_RxEventCallback
 .text.UART_WaitOnFlagUntilTimeout
                0x08008afc       0xb2 ./Drivers/STM32F4xx_HAL_Driver/Src/stm32f4xx_hal_uart.o
 .text.UART_Start_Receive_IT
                0x08008bae       0x74 ./Drivers/STM32F4xx_HAL_Driver/Src/stm32f4xx_hal_uart.o
                0x08008bae                UART_Start_Receive_IT
 .text.UART_EndRxTransfer
                0x08008c22       0xc6 ./Drivers/STM32F4xx_HAL_Driver/Src/stm32f4xx_hal_uart.o
 .text.UART_DMAAbortOnError
                0x08008ce8       0x22 ./Drivers/STM32F4xx_HAL_Driver/Src/stm32f4xx_hal_uart.o
 .text.UART_Transmit_IT
                0x08008d0a       0xa0 ./Drivers/STM32F4xx_HAL_Driver/Src/stm32f4xx_hal_uart.o
 .text.UART_EndTransmit_IT
                0x08008daa       0x30 ./Drivers/STM32F4xx_HAL_Driver/Src/stm32f4xx_hal_uart.o
 .text.UART_Receive_IT
                0x08008dda      0x17c ./Drivers/STM32F4xx_HAL_Driver/Src/stm32f4xx_hal_uart.o
 *fill*         0x08008f56        0x2 
 .text.UART_SetConfig
                0x08008f58      0x4e8 ./Drivers/STM32F4xx_HAL_Driver/Src/stm32f4xx_hal_uart.o
 .text.__NVIC_SetPriority
                0x08009440       0x54 ./Middlewares/Third_Party/FreeRTOS/Source/CMSIS_RTOS_V2/cmsis_os2.o
 .text.SysTick_Handler
                0x08009494       0x20 ./Middlewares/Third_Party/FreeRTOS/Source/CMSIS_RTOS_V2/cmsis_os2.o
                0x08009494                SysTick_Handler
 .text.SVC_Setup
                0x080094b4       0x12 ./Middlewares/Third_Party/FreeRTOS/Source/CMSIS_RTOS_V2/cmsis_os2.o
 *fill*         0x080094c6        0x2 
 .text.osKernelInitialize
                0x080094c8       0x48 ./Middlewares/Third_Party/FreeRTOS/Source/CMSIS_RTOS_V2/cmsis_os2.o
                0x080094c8                osKernelInitialize
 .text.osKernelStart
                0x08009510       0x4c ./Middlewares/Third_Party/FreeRTOS/Source/CMSIS_RTOS_V2/cmsis_os2.o
                0x08009510                osKernelStart
 .text.osThreadNew
                0x0800955c      0x124 ./Middlewares/Third_Party/FreeRTOS/Source/CMSIS_RTOS_V2/cmsis_os2.o
                0x0800955c                osThreadNew
 .text.osDelay  0x08009680       0x36 ./Middlewares/Third_Party/FreeRTOS/Source/CMSIS_RTOS_V2/cmsis_os2.o
                0x08009680                osDelay
 *fill*         0x080096b6        0x2 
 .text.vApplicationGetIdleTaskMemory
                0x080096b8       0x34 ./Middlewares/Third_Party/FreeRTOS/Source/CMSIS_RTOS_V2/cmsis_os2.o
                0x080096b8                vApplicationGetIdleTaskMemory
 .text.vApplicationGetTimerTaskMemory
                0x080096ec       0x34 ./Middlewares/Third_Party/FreeRTOS/Source/CMSIS_RTOS_V2/cmsis_os2.o
                0x080096ec                vApplicationGetTimerTaskMemory
 .text.vListInitialise
                0x08009720       0x40 ./Middlewares/Third_Party/FreeRTOS/Source/list.o
                0x08009720                vListInitialise
 .text.vListInitialiseItem
                0x08009760       0x1a ./Middlewares/Third_Party/FreeRTOS/Source/list.o
                0x08009760                vListInitialiseItem
 .text.vListInsertEnd
                0x0800977a       0x48 ./Middlewares/Third_Party/FreeRTOS/Source/list.o
                0x0800977a                vListInsertEnd
 .text.vListInsert
                0x080097c2       0x72 ./Middlewares/Third_Party/FreeRTOS/Source/list.o
                0x080097c2                vListInsert
 .text.uxListRemove
                0x08009834       0x54 ./Middlewares/Third_Party/FreeRTOS/Source/list.o
                0x08009834                uxListRemove
 .text.xQueueGenericReset
                0x08009888       0xd4 ./Middlewares/Third_Party/FreeRTOS/Source/queue.o
                0x08009888                xQueueGenericReset
 .text.xQueueGenericCreateStatic
                0x0800995c       0xfa ./Middlewares/Third_Party/FreeRTOS/Source/queue.o
                0x0800995c                xQueueGenericCreateStatic
 .text.xQueueGenericCreate
                0x08009a56       0x76 ./Middlewares/Third_Party/FreeRTOS/Source/queue.o
                0x08009a56                xQueueGenericCreate
 .text.prvInitialiseNewQueue
                0x08009acc       0x46 ./Middlewares/Third_Party/FreeRTOS/Source/queue.o
 .text.prvInitialiseMutex
                0x08009b12       0x34 ./Middlewares/Third_Party/FreeRTOS/Source/queue.o
 .text.xQueueCreateMutex
                0x08009b46       0x30 ./Middlewares/Third_Party/FreeRTOS/Source/queue.o
                0x08009b46                xQueueCreateMutex
 *fill*         0x08009b76        0x2 
 .text.xQueueGenericSend
                0x08009b78      0x204 ./Middlewares/Third_Party/FreeRTOS/Source/queue.o
                0x08009b78                xQueueGenericSend
 .text.xQueueGenericSendFromISR
                0x08009d7c      0x13c ./Middlewares/Third_Party/FreeRTOS/Source/queue.o
                0x08009d7c                xQueueGenericSendFromISR
 .text.xQueueGiveFromISR
                0x08009eb8      0x120 ./Middlewares/Third_Party/FreeRTOS/Source/queue.o
                0x08009eb8                xQueueGiveFromISR
 .text.xQueueReceive
                0x08009fd8      0x1c4 ./Middlewares/Third_Party/FreeRTOS/Source/queue.o
                0x08009fd8                xQueueReceive
 .text.xQueueSemaphoreTake
                0x0800a19c      0x220 ./Middlewares/Third_Party/FreeRTOS/Source/queue.o
                0x0800a19c                xQueueSemaphoreTake
 .text.prvGetDisinheritPriorityAfterTimeout
                0x0800a3bc       0x30 ./Middlewares/Third_Party/FreeRTOS/Source/queue.o
 .text.prvCopyDataToQueue
                0x0800a3ec       0xd4 ./Middlewares/Third_Party/FreeRTOS/Source/queue.o
 .text.prvCopyDataFromQueue
                0x0800a4c0       0x4c ./Middlewares/Third_Party/FreeRTOS/Source/queue.o
 .text.prvUnlockQueue
                0x0800a50c       0xa4 ./Middlewares/Third_Party/FreeRTOS/Source/queue.o
 .text.prvIsQueueEmpty
                0x0800a5b0       0x2c ./Middlewares/Third_Party/FreeRTOS/Source/queue.o
 .text.prvIsQueueFull
                0x0800a5dc       0x30 ./Middlewares/Third_Party/FreeRTOS/Source/queue.o
 .text.vQueueAddToRegistry
                0x0800a60c       0x54 ./Middlewares/Third_Party/FreeRTOS/Source/queue.o
                0x0800a60c                vQueueAddToRegistry
 .text.vQueueWaitForMessageRestricted
                0x0800a660       0x68 ./Middlewares/Third_Party/FreeRTOS/Source/queue.o
                0x0800a660                vQueueWaitForMessageRestricted
 .text.xTaskCreateStatic
                0x0800a6c8       0xc0 ./Middlewares/Third_Party/FreeRTOS/Source/tasks.o
                0x0800a6c8                xTaskCreateStatic
 .text.xTaskCreate
                0x0800a788       0x8a ./Middlewares/Third_Party/FreeRTOS/Source/tasks.o
                0x0800a788                xTaskCreate
 *fill*         0x0800a812        0x2 
 .text.prvInitialiseNewTask
                0x0800a814      0x150 ./Middlewares/Third_Party/FreeRTOS/Source/tasks.o
 .text.prvAddNewTaskToReadyList
                0x0800a964       0xe0 ./Middlewares/Third_Party/FreeRTOS/Source/tasks.o
 .text.vTaskDelay
                0x0800aa44       0x6c ./Middlewares/Third_Party/FreeRTOS/Source/tasks.o
                0x0800aa44                vTaskDelay
 .text.vTaskStartScheduler
                0x0800aab0       0xe0 ./Middlewares/Third_Party/FreeRTOS/Source/tasks.o
                0x0800aab0                vTaskStartScheduler
 .text.vTaskSuspendAll
                0x0800ab90       0x1c ./Middlewares/Third_Party/FreeRTOS/Source/tasks.o
                0x0800ab90                vTaskSuspendAll
 .text.xTaskResumeAll
                0x0800abac      0x13c ./Middlewares/Third_Party/FreeRTOS/Source/tasks.o
                0x0800abac                xTaskResumeAll
 .text.xTaskGetTickCount
                0x0800ace8       0x20 ./Middlewares/Third_Party/FreeRTOS/Source/tasks.o
                0x0800ace8                xTaskGetTickCount
 .text.xTaskGetTickCountFromISR
                0x0800ad08       0x24 ./Middlewares/Third_Party/FreeRTOS/Source/tasks.o
                0x0800ad08                xTaskGetTickCountFromISR
 .text.xTaskIncrementTick
                0x0800ad2c      0x174 ./Middlewares/Third_Party/FreeRTOS/Source/tasks.o
                0x0800ad2c                xTaskIncrementTick
 .text.vTaskSwitchContext
                0x0800aea0       0xcc ./Middlewares/Third_Party/FreeRTOS/Source/tasks.o
                0x0800aea0                vTaskSwitchContext
 .text.vTaskPlaceOnEventList
                0x0800af6c       0x4c ./Middlewares/Third_Party/FreeRTOS/Source/tasks.o
                0x0800af6c                vTaskPlaceOnEventList
 .text.vTaskPlaceOnEventListRestricted
                0x0800afb8       0x58 ./Middlewares/Third_Party/FreeRTOS/Source/tasks.o
                0x0800afb8                vTaskPlaceOnEventListRestricted
 .text.xTaskRemoveFromEventList
                0x0800b010       0xc8 ./Middlewares/Third_Party/FreeRTOS/Source/tasks.o
                0x0800b010                xTaskRemoveFromEventList
 .text.vTaskInternalSetTimeOutState
                0x0800b0d8       0x2c ./Middlewares/Third_Party/FreeRTOS/Source/tasks.o
                0x0800b0d8                vTaskInternalSetTimeOutState
 .text.xTaskCheckForTimeOut
                0x0800b104       0xc8 ./Middlewares/Third_Party/FreeRTOS/Source/tasks.o
                0x0800b104                xTaskCheckForTimeOut
 .text.vTaskMissedYield
                0x0800b1cc       0x18 ./Middlewares/Third_Party/FreeRTOS/Source/tasks.o
                0x0800b1cc                vTaskMissedYield
 .text.prvIdleTask
                0x0800b1e4       0x30 ./Middlewares/Third_Party/FreeRTOS/Source/tasks.o
 .text.prvInitialiseTaskLists
                0x0800b214       0x80 ./Middlewares/Third_Party/FreeRTOS/Source/tasks.o
 .text.prvCheckTasksWaitingTermination
                0x0800b294       0x5c ./Middlewares/Third_Party/FreeRTOS/Source/tasks.o
 .text.prvDeleteTCB
                0x0800b2f0       0x6a ./Middlewares/Third_Party/FreeRTOS/Source/tasks.o
 *fill*         0x0800b35a        0x2 
 .text.prvResetNextTaskUnblockTime
                0x0800b35c       0x40 ./Middlewares/Third_Party/FreeRTOS/Source/tasks.o
 .text.xTaskGetCurrentTaskHandle
                0x0800b39c       0x20 ./Middlewares/Third_Party/FreeRTOS/Source/tasks.o
                0x0800b39c                xTaskGetCurrentTaskHandle
 .text.xTaskGetSchedulerState
                0x0800b3bc       0x3c ./Middlewares/Third_Party/FreeRTOS/Source/tasks.o
                0x0800b3bc                xTaskGetSchedulerState
 .text.xTaskPriorityInherit
                0x0800b3f8       0xd0 ./Middlewares/Third_Party/FreeRTOS/Source/tasks.o
                0x0800b3f8                xTaskPriorityInherit
 .text.xTaskPriorityDisinherit
                0x0800b4c8       0xe0 ./Middlewares/Third_Party/FreeRTOS/Source/tasks.o
                0x0800b4c8                xTaskPriorityDisinherit
 .text.vTaskPriorityDisinheritAfterTimeout
                0x0800b5a8      0x108 ./Middlewares/Third_Party/FreeRTOS/Source/tasks.o
                0x0800b5a8                vTaskPriorityDisinheritAfterTimeout
 .text.pvTaskIncrementMutexHeldCount
                0x0800b6b0       0x28 ./Middlewares/Third_Party/FreeRTOS/Source/tasks.o
                0x0800b6b0                pvTaskIncrementMutexHeldCount
 .text.ulTaskNotifyTake
                0x0800b6d8       0x98 ./Middlewares/Third_Party/FreeRTOS/Source/tasks.o
                0x0800b6d8                ulTaskNotifyTake
 .text.vTaskNotifyGiveFromISR
                0x0800b770      0x12c ./Middlewares/Third_Party/FreeRTOS/Source/tasks.o
                0x0800b770                vTaskNotifyGiveFromISR
 .text.prvAddCurrentTaskToDelayedList
                0x0800b89c       0xa8 ./Middlewares/Third_Party/FreeRTOS/Source/tasks.o
 .text.xTimerCreateTimerTask
                0x0800b944       0x94 ./Middlewares/Third_Party/FreeRTOS/Source/timers.o
                0x0800b944                xTimerCreateTimerTask
 .text.xTimerGenericCommand
                0x0800b9d8       0x9c ./Middlewares/Third_Party/FreeRTOS/Source/timers.o
                0x0800b9d8                xTimerGenericCommand
 .text.prvProcessExpiredTimer
                0x0800ba74       0x9c ./Middlewares/Third_Party/FreeRTOS/Source/timers.o
 .text.prvTimerTask
                0x0800bb10       0x26 ./Middlewares/Third_Party/FreeRTOS/Source/timers.o
 *fill*         0x0800bb36        0x2 
 .text.prvProcessTimerOrBlockTask
                0x0800bb38       0x9c ./Middlewares/Third_Party/FreeRTOS/Source/timers.o
 .text.prvGetNextExpireTime
                0x0800bbd4       0x48 ./Middlewares/Third_Party/FreeRTOS/Source/timers.o
 .text.prvSampleTimeNow
                0x0800bc1c       0x40 ./Middlewares/Third_Party/FreeRTOS/Source/timers.o
 .text.prvInsertTimerInActiveList
                0x0800bc5c       0x84 ./Middlewares/Third_Party/FreeRTOS/Source/timers.o
 .text.prvProcessReceivedCommands
                0x0800bce0      0x1cc ./Middlewares/Third_Party/FreeRTOS/Source/timers.o
 .text.prvSwitchTimerLists
                0x0800beac       0xcc ./Middlewares/Third_Party/FreeRTOS/Source/timers.o
 .text.prvCheckForValidListAndQueue
                0x0800bf78       0x80 ./Middlewares/Third_Party/FreeRTOS/Source/timers.o
 .text.pxPortInitialiseStack
                0x0800bff8       0x68 ./Middlewares/Third_Party/FreeRTOS/Source/portable/GCC/ARM_CM4F/port.o
                0x0800bff8                pxPortInitialiseStack
 .text.prvTaskExitError
                0x0800c060       0x5c ./Middlewares/Third_Party/FreeRTOS/Source/portable/GCC/ARM_CM4F/port.o
 *fill*         0x0800c0bc        0x4 
 .text.SVC_Handler
                0x0800c0c0       0x28 ./Middlewares/Third_Party/FreeRTOS/Source/portable/GCC/ARM_CM4F/port.o
                0x0800c0c0                SVC_Handler
 .text.prvPortStartFirstTask
                0x0800c0e8       0x28 ./Middlewares/Third_Party/FreeRTOS/Source/portable/GCC/ARM_CM4F/port.o
 .text.xPortStartScheduler
                0x0800c110      0x148 ./Middlewares/Third_Party/FreeRTOS/Source/portable/GCC/ARM_CM4F/port.o
                0x0800c110                xPortStartScheduler
 .text.vPortEnterCritical
                0x0800c258       0x64 ./Middlewares/Third_Party/FreeRTOS/Source/portable/GCC/ARM_CM4F/port.o
                0x0800c258                vPortEnterCritical
 .text.vPortExitCritical
                0x0800c2bc       0x54 ./Middlewares/Third_Party/FreeRTOS/Source/portable/GCC/ARM_CM4F/port.o
                0x0800c2bc                vPortExitCritical
 .text.PendSV_Handler
                0x0800c310       0x68 ./Middlewares/Third_Party/FreeRTOS/Source/portable/GCC/ARM_CM4F/port.o
                0x0800c310                PendSV_Handler
 .text.xPortSysTickHandler
                0x0800c378       0x44 ./Middlewares/Third_Party/FreeRTOS/Source/portable/GCC/ARM_CM4F/port.o
                0x0800c378                xPortSysTickHandler
 .text.vPortSetupTimerInterrupt
                0x0800c3bc       0x48 ./Middlewares/Third_Party/FreeRTOS/Source/portable/GCC/ARM_CM4F/port.o
                0x0800c3bc                vPortSetupTimerInterrupt
 .text.vPortEnableVFP
                0x0800c404       0x14 ./Middlewares/Third_Party/FreeRTOS/Source/portable/GCC/ARM_CM4F/port.o
 .text.vPortValidateInterruptPriority
                0x0800c418       0x84 ./Middlewares/Third_Party/FreeRTOS/Source/portable/GCC/ARM_CM4F/port.o
                0x0800c418                vPortValidateInterruptPriority
 .text.pvPortMalloc
                0x0800c49c      0x19c ./Middlewares/Third_Party/FreeRTOS/Source/portable/MemMang/heap_4.o
                0x0800c49c                pvPortMalloc
 .text.vPortFree
                0x0800c638       0xc8 ./Middlewares/Third_Party/FreeRTOS/Source/portable/MemMang/heap_4.o
                0x0800c638                vPortFree
 .text.prvHeapInit
                0x0800c700       0xc4 ./Middlewares/Third_Party/FreeRTOS/Source/portable/MemMang/heap_4.o
 .text.prvInsertBlockIntoFreeList
                0x0800c7c4       0xb4 ./Middlewares/Third_Party/FreeRTOS/Source/portable/MemMang/heap_4.o
 .text.logf     0x0800c878       0x5c C:/ST/STM32CubeIDE_2.0.0/STM32CubeIDE/plugins/com.st.stm32cube.ide.mcu.externaltools.gnu-tools-for-stm32.13.3.rel1.win32_1.0.100.202509120712/tools/bin/../lib/gcc/arm-none-eabi/13.3.1/../../../../arm-none-eabi/lib/thumb/v7e-m+fp/hard\libm.a(libm_a-wf_log.o)
                0x0800c878                logf
 .text.nanf     0x0800c8d4        0xc C:/ST/STM32CubeIDE_2.0.0/STM32CubeIDE/plugins/com.st.stm32cube.ide.mcu.externaltools.gnu-tools-for-stm32.13.3.rel1.win32_1.0.100.202509120712/tools/bin/../lib/gcc/arm-none-eabi/13.3.1/../../../../arm-none-eabi/lib/thumb/v7e-m+fp/hard\libm.a(libm_a-sf_nan.o)
                0x0800c8d4                nanf
 .text.__ieee754_logf
                0x0800c8e0      0x1e4 C:/ST/STM32CubeIDE_2.0.0/STM32CubeIDE/plugins/com.st.stm32cube.ide.mcu.externaltools.gnu-tools-for-stm32.13.3.rel1.win32_1.0.100.202509120712/tools/bin/../lib/gcc/arm-none-eabi/13.3.1/../../../../arm-none-eabi/lib/thumb/v7e-m+fp/hard\libm.a(libm_a-ef_log.o)
                0x0800c8e0                __ieee754_logf
 .text.atexit   0x0800cac4        0xc C:/ST/STM32CubeIDE_2.0.0/STM32CubeIDE/plugins/com.st.stm32cube.ide.mcu.externaltools.gnu-tools-for-stm32.13.3.rel1.win32_1.0.100.202509120712/tools/bin/../lib/gcc/arm-none-eabi/13.3.1/../../../../arm-none-eabi/lib/thumb/v7e-m+fp/hard\libc_nano.a(libc_a-atexit.o)
                0x0800cac4                atexit
 .text.malloc   0x0800cad0       0x10 C:/ST/STM32CubeIDE_2.0.0/STM32CubeIDE/plugins/com.st.stm32cube.ide.mcu.externaltools.gnu-tools-for-stm32.13.3.rel1.win32_1.0.100.202509120712/tools/bin/../lib/gcc/arm-none-eabi/13.3.1/../../../../arm-none-eabi/lib/thumb/v7e-m+fp/hard\libc_nano.a(libc_a-malloc.o)
                0x0800cad0                malloc
 .text.sbrk_aligned
                0x0800cae0       0x44 C:/ST/STM32CubeIDE_2.0.0/STM32CubeIDE/plugins/com.st.stm32cube.ide.mcu.externaltools.gnu-tools-for-stm32.13.3.rel1.win32_1.0.100.202509120712/tools/bin/../lib/gcc/arm-none-eabi/13.3.1/../../../../arm-none-eabi/lib/thumb/v7e-m+fp/hard\libc_nano.a(libc_a-mallocr.o)
 .text._malloc_r
                0x0800cb24      0x100 C:/ST/STM32CubeIDE_2.0.0/STM32CubeIDE/plugins/com.st.stm32cube.ide.mcu.externaltools.gnu-tools-for-stm32.13.3.rel1.win32_1.0.100.202509120712/tools/bin/../lib/gcc/arm-none-eabi/13.3.1/../../../../arm-none-eabi/lib/thumb/v7e-m+fp/hard\libc_nano.a(libc_a-mallocr.o)
                0x0800cb24                _malloc_r
 .text.__malloc_lock
                0x0800cc24        0xc C:/ST/STM32CubeIDE_2.0.0/STM32CubeIDE/plugins/com.st.stm32cube.ide.mcu.externaltools.gnu-tools-for-stm32.13.3.rel1.win32_1.0.100.202509120712/tools/bin/../lib/gcc/arm-none-eabi/13.3.1/../../../../arm-none-eabi/lib/thumb/v7e-m+fp/hard\libc_nano.a(libc_a-mlock.o)
                0x0800cc24                __malloc_lock
 .text.__malloc_unlock
                0x0800cc30        0xc C:/ST/STM32CubeIDE_2.0.0/STM32CubeIDE/plugins/com.st.stm32cube.ide.mcu.externaltools.gnu-tools-for-stm32.13.3.rel1.win32_1.0.100.202509120712/tools/bin/../lib/gcc/arm-none-eabi/13.3.1/../../../../arm-none-eabi/lib/thumb/v7e-m+fp/hard\libc_nano.a(libc_a-mlock.o)
                0x0800cc30                __malloc_unlock
 .text._scanf_float
                0x0800cc3c      0x41c C:/ST/STM32CubeIDE_2.0.0/STM32CubeIDE/plugins/com.st.stm32cube.ide.mcu.externaltools.gnu-tools-for-stm32.13.3.rel1.win32_1.0.100.202509120712/tools/bin/../lib/gcc/arm-none-eabi/13.3.1/../../../../arm-none-eabi/lib/thumb/v7e-m+fp/hard\libc_nano.a(libc_a-nano-vfscanf_float.o)
                0x0800cc3c                _scanf_float
 .text.std      0x0800d058       0x6c C:/ST/STM32CubeIDE_2.0.0/STM32CubeIDE/plugins/com.st.stm32cube.ide.mcu.externaltools.gnu-tools-for-stm32.13.3.rel1.win32_1.0.100.202509120712/tools/bin/../lib/gcc/arm-none-eabi/13.3.1/../../../../arm-none-eabi/lib/thumb/v7e-m+fp/hard\libc_nano.a(libc_a-findfp.o)
 .text.stdio_exit_handler
                0x0800d0c4       0x18 C:/ST/STM32CubeIDE_2.0.0/STM32CubeIDE/plugins/com.st.stm32cube.ide.mcu.externaltools.gnu-tools-for-stm32.13.3.rel1.win32_1.0.100.202509120712/tools/bin/../lib/gcc/arm-none-eabi/13.3.1/../../../../arm-none-eabi/lib/thumb/v7e-m+fp/hard\libc_nano.a(libc_a-findfp.o)
 .text.cleanup_stdio
                0x0800d0dc       0x40 C:/ST/STM32CubeIDE_2.0.0/STM32CubeIDE/plugins/com.st.stm32cube.ide.mcu.externaltools.gnu-tools-for-stm32.13.3.rel1.win32_1.0.100.202509120712/tools/bin/../lib/gcc/arm-none-eabi/13.3.1/../../../../arm-none-eabi/lib/thumb/v7e-m+fp/hard\libc_nano.a(libc_a-findfp.o)
 .text.global_stdio_init.part.0
                0x0800d11c       0x3c C:/ST/STM32CubeIDE_2.0.0/STM32CubeIDE/plugins/com.st.stm32cube.ide.mcu.externaltools.gnu-tools-for-stm32.13.3.rel1.win32_1.0.100.202509120712/tools/bin/../lib/gcc/arm-none-eabi/13.3.1/../../../../arm-none-eabi/lib/thumb/v7e-m+fp/hard\libc_nano.a(libc_a-findfp.o)
 .text.__sfp_lock_acquire
                0x0800d158        0xc C:/ST/STM32CubeIDE_2.0.0/STM32CubeIDE/plugins/com.st.stm32cube.ide.mcu.externaltools.gnu-tools-for-stm32.13.3.rel1.win32_1.0.100.202509120712/tools/bin/../lib/gcc/arm-none-eabi/13.3.1/../../../../arm-none-eabi/lib/thumb/v7e-m+fp/hard\libc_nano.a(libc_a-findfp.o)
                0x0800d158                __sfp_lock_acquire
 .text.__sfp_lock_release
                0x0800d164        0xc C:/ST/STM32CubeIDE_2.0.0/STM32CubeIDE/plugins/com.st.stm32cube.ide.mcu.externaltools.gnu-tools-for-stm32.13.3.rel1.win32_1.0.100.202509120712/tools/bin/../lib/gcc/arm-none-eabi/13.3.1/../../../../arm-none-eabi/lib/thumb/v7e-m+fp/hard\libc_nano.a(libc_a-findfp.o)
                0x0800d164                __sfp_lock_release
 .text.__sinit  0x0800d170       0x30 C:/ST/STM32CubeIDE_2.0.0/STM32CubeIDE/plugins/com.st.stm32cube.ide.mcu.externaltools.gnu-tools-for-stm32.13.3.rel1.win32_1.0.100.202509120712/tools/bin/../lib/gcc/arm-none-eabi/13.3.1/../../../../arm-none-eabi/lib/thumb/v7e-m+fp/hard\libc_nano.a(libc_a-findfp.o)
                0x0800d170                __sinit
 .text._fwalk_sglue
                0x0800d1a0       0x3c C:/ST/STM32CubeIDE_2.0.0/STM32CubeIDE/plugins/com.st.stm32cube.ide.mcu.externaltools.gnu-tools-for-stm32.13.3.rel1.win32_1.0.100.202509120712/tools/bin/../lib/gcc/arm-none-eabi/13.3.1/../../../../arm-none-eabi/lib/thumb/v7e-m+fp/hard\libc_nano.a(libc_a-fwalk.o)
                0x0800d1a0                _fwalk_sglue
 .text._puts_r  0x0800d1dc       0xaa C:/ST/STM32CubeIDE_2.0.0/STM32CubeIDE/plugins/com.st.stm32cube.ide.mcu.externaltools.gnu-tools-for-stm32.13.3.rel1.win32_1.0.100.202509120712/tools/bin/../lib/gcc/arm-none-eabi/13.3.1/../../../../arm-none-eabi/lib/thumb/v7e-m+fp/hard\libc_nano.a(libc_a-puts.o)
                0x0800d1dc                _puts_r
 *fill*         0x0800d286        0x2 
 .text.puts     0x0800d288       0x10 C:/ST/STM32CubeIDE_2.0.0/STM32CubeIDE/plugins/com.st.stm32cube.ide.mcu.externaltools.gnu-tools-for-stm32.13.3.rel1.win32_1.0.100.202509120712/tools/bin/../lib/gcc/arm-none-eabi/13.3.1/../../../../arm-none-eabi/lib/thumb/v7e-m+fp/hard\libc_nano.a(libc_a-puts.o)
                0x0800d288                puts
 .text.snprintf
                0x0800d298       0x6c C:/ST/STM32CubeIDE_2.0.0/STM32CubeIDE/plugins/com.st.stm32cube.ide.mcu.externaltools.gnu-tools-for-stm32.13.3.rel1.win32_1.0.100.202509120712/tools/bin/../lib/gcc/arm-none-eabi/13.3.1/../../../../arm-none-eabi/lib/thumb/v7e-m+fp/hard\libc_nano.a(libc_a-snprintf.o)
                0x0800d298                sniprintf
                0x0800d298                snprintf
 .text.sprintf  0x0800d304       0x44 C:/ST/STM32CubeIDE_2.0.0/STM32CubeIDE/plugins/com.st.stm32cube.ide.mcu.externaltools.gnu-tools-for-stm32.13.3.rel1.win32_1.0.100.202509120712/tools/bin/../lib/gcc/arm-none-eabi/13.3.1/../../../../arm-none-eabi/lib/thumb/v7e-m+fp/hard\libc_nano.a(libc_a-sprintf.o)
                0x0800d304                siprintf
                0x0800d304                sprintf
 .text.sscanf   0x0800d348       0x58 C:/ST/STM32CubeIDE_2.0.0/STM32CubeIDE/plugins/com.st.stm32cube.ide.mcu.externaltools.gnu-tools-for-stm32.13.3.rel1.win32_1.0.100.202509120712/tools/bin/../lib/gcc/arm-none-eabi/13.3.1/../../../../arm-none-eabi/lib/thumb/v7e-m+fp/hard\libc_nano.a(libc_a-sscanf.o)
                0x0800d348                siscanf
                0x0800d348                sscanf
 .text.__sread  0x0800d3a0       0x22 C:/ST/STM32CubeIDE_2.0.0/STM32CubeIDE/plugins/com.st.stm32cube.ide.mcu.externaltools.gnu-tools-for-stm32.13.3.rel1.win32_1.0.100.202509120712/tools/bin/../lib/gcc/arm-none-eabi/13.3.1/../../../../arm-none-eabi/lib/thumb/v7e-m+fp/hard\libc_nano.a(libc_a-stdio.o)
                0x0800d3a0                __sread
 .text.__seofread
                0x0800d3c2        0x4 C:/ST/STM32CubeIDE_2.0.0/STM32CubeIDE/plugins/com.st.stm32cube.ide.mcu.externaltools.gnu-tools-for-stm32.13.3.rel1.win32_1.0.100.202509120712/tools/bin/../lib/gcc/arm-none-eabi/13.3.1/../../../../arm-none-eabi/lib/thumb/v7e-m+fp/hard\libc_nano.a(libc_a-stdio.o)
                0x0800d3c2                __seofread
 .text.__swrite
                0x0800d3c6       0x38 C:/ST/STM32CubeIDE_2.0.0/STM32CubeIDE/plugins/com.st.stm32cube.ide.mcu.externaltools.gnu-tools-for-stm32.13.3.rel1.win32_1.0.100.202509120712/tools/bin/../lib/gcc/arm-none-eabi/13.3.1/../../../../arm-none-eabi/lib/thumb/v7e-m+fp/hard\libc_nano.a(libc_a-stdio.o)
                0x0800d3c6                __swrite
 .text.__sseek  0x0800d3fe       0x24 C:/ST/STM32CubeIDE_2.0.0/STM32CubeIDE/plugins/com.st.stm32cube.ide.mcu.externaltools.gnu-tools-for-stm32.13.3.rel1.win32_1.0.100.202509120712/tools/bin/../lib/gcc/arm-none-eabi/13.3.1/../../../../arm-none-eabi/lib/thumb/v7e-m+fp/hard\libc_nano.a(libc_a-stdio.o)
                0x0800d3fe                __sseek
 .text.__sclose
                0x0800d422        0x8 C:/ST/STM32CubeIDE_2.0.0/STM32CubeIDE/plugins/com.st.stm32cube.ide.mcu.externaltools.gnu-tools-for-stm32.13.3.rel1.win32_1.0.100.202509120712/tools/bin/../lib/gcc/arm-none-eabi/13.3.1/../../../../arm-none-eabi/lib/thumb/v7e-m+fp/hard\libc_nano.a(libc_a-stdio.o)
                0x0800d422                __sclose
 .text.__swbuf_r
                0x0800d42a       0x7c C:/ST/STM32CubeIDE_2.0.0/STM32CubeIDE/plugins/com.st.stm32cube.ide.mcu.externaltools.gnu-tools-for-stm32.13.3.rel1.win32_1.0.100.202509120712/tools/bin/../lib/gcc/arm-none-eabi/13.3.1/../../../../arm-none-eabi/lib/thumb/v7e-m+fp/hard\libc_nano.a(libc_a-wbuf.o)
                0x0800d42a                __swbuf_r
 *fill*         0x0800d4a6        0x2 
 .text.__swsetup_r
                0x0800d4a8       0xac C:/ST/STM32CubeIDE_2.0.0/STM32CubeIDE/plugins/com.st.stm32cube.ide.mcu.externaltools.gnu-tools-for-stm32.13.3.rel1.win32_1.0.100.202509120712/tools/bin/../lib/gcc/arm-none-eabi/13.3.1/../../../../arm-none-eabi/lib/thumb/v7e-m+fp/hard\libc_nano.a(libc_a-wsetup.o)
                0x0800d4a8                __swsetup_r
 .text.memset   0x0800d554       0x10 C:/ST/STM32CubeIDE_2.0.0/STM32CubeIDE/plugins/com.st.stm32cube.ide.mcu.externaltools.gnu-tools-for-stm32.13.3.rel1.win32_1.0.100.202509120712/tools/bin/../lib/gcc/arm-none-eabi/13.3.1/../../../../arm-none-eabi/lib/thumb/v7e-m+fp/hard\libc_nano.a(libc_a-memset.o)
                0x0800d554                memset
 .text.strncmp  0x0800d564       0x24 C:/ST/STM32CubeIDE_2.0.0/STM32CubeIDE/plugins/com.st.stm32cube.ide.mcu.externaltools.gnu-tools-for-stm32.13.3.rel1.win32_1.0.100.202509120712/tools/bin/../lib/gcc/arm-none-eabi/13.3.1/../../../../arm-none-eabi/lib/thumb/v7e-m+fp/hard\libc_nano.a(libc_a-strncmp.o)
                0x0800d564                strncmp
 .text._close_r
                0x0800d588       0x20 C:/ST/STM32CubeIDE_2.0.0/STM32CubeIDE/plugins/com.st.stm32cube.ide.mcu.externaltools.gnu-tools-for-stm32.13.3.rel1.win32_1.0.100.202509120712/tools/bin/../lib/gcc/arm-none-eabi/13.3.1/../../../../arm-none-eabi/lib/thumb/v7e-m+fp/hard\libc_nano.a(libc_a-closer.o)
                0x0800d588                _close_r
 .text._reclaim_reent
                0x0800d5a8       0xbc C:/ST/STM32CubeIDE_2.0.0/STM32CubeIDE/plugins/com.st.stm32cube.ide.mcu.externaltools.gnu-tools-for-stm32.13.3.rel1.win32_1.0.100.202509120712/tools/bin/../lib/gcc/arm-none-eabi/13.3.1/../../../../arm-none-eabi/lib/thumb/v7e-m+fp/hard\libc_nano.a(libc_a-reent.o)
                0x0800d5a8                _reclaim_reent
 .text._lseek_r
                0x0800d664       0x24 C:/ST/STM32CubeIDE_2.0.0/STM32CubeIDE/plugins/com.st.stm32cube.ide.mcu.externaltools.gnu-tools-for-stm32.13.3.rel1.win32_1.0.100.202509120712/tools/bin/../lib/gcc/arm-none-eabi/13.3.1/../../../../arm-none-eabi/lib/thumb/v7e-m+fp/hard\libc_nano.a(libc_a-lseekr.o)
                0x0800d664                _lseek_r
 .text._read_r  0x0800d688       0x24 C:/ST/STM32CubeIDE_2.0.0/STM32CubeIDE/plugins/com.st.stm32cube.ide.mcu.externaltools.gnu-tools-for-stm32.13.3.rel1.win32_1.0.100.202509120712/tools/bin/../lib/gcc/arm-none-eabi/13.3.1/../../../../arm-none-eabi/lib/thumb/v7e-m+fp/hard\libc_nano.a(libc_a-readr.o)
                0x0800d688                _read_r