C:\ST\STM32CubeIDE_2.0.0\STM32CubeIDE\plugins\com.st.stm32cube.ide.mcu.externaltools.gnu-tools-for-stm32.13.3.rel1.win32_1.0.100.202509120712\tools\bin/../lib/gcc/arm-none-eabi/13.3.1/../../../../arm-none-eabi/include/c++/13.3.1/cmath:1171:3:constexpr bool std::isnan(float)	16	static
../Core/Src/CoolingSystem.cpp:34:24:void __tcf_0()	8	static
../Core/Src/CoolingSystem.cpp:33:17:static CoolingSystem::CoolingSystem& CoolingSystem::CoolingSystem::get_instance()	8	static
../Core/Src/CoolingSystem.cpp:38:2:CoolingSystem::CoolingSystem::CoolingSystem()	16	static
../Core/Src/CoolingSystem.cpp:52:2:CoolingSystem::CoolingSystem::~CoolingSystem()	16	static
../Core/Src/CoolingSystem.cpp:57:8:float CoolingSystem::CoolingSystem::read_sensor(int)	16	static
../Core/Src/CoolingSystem.cpp:67:7:static void CoolingSystem::CoolingSystem::runStatic(void*)	16	static
../Core/Src/CoolingSystem.cpp:72:7:void CoolingSystem::CoolingSystem::start_cooling_subsystem_thread()	24	static
../Core/Src/CoolingSystem.cpp:91:7:void CoolingSystem::CoolingSystem::cooling_system_task(void*)	32	static
../Core/Src/CoolingSystem.cpp:154:7:void CoolingSystem::CoolingSystem::ui_fan_toggle_ISR(uint16_t)	24	static,ignoring_inline_asm
../Core/Src/CoolingSystem.cpp:168:7:bool CoolingSystem::CoolingSystem::get_fan_state()	24	static
../Core/Src/CoolingSystem.cpp:184:7:void CoolingSystem::CoolingSystem::set_test_mode(bool)	16	static
../Core/Src/CoolingSystem.cpp:193:7:void CoolingSystem::CoolingSystem::set_mock_inputs(float, bool)	24	static
../Core/Src/CoolingSystem.cpp:203:7:void CoolingSystem::CoolingSystem::simulate_button_press()	16	static
../Core/Src/CoolingSystem.cpp:212:7:void CoolingSystem::CoolingSystem::init_fan_gpio(GPIO_TypeDef*, uint16_t, GPIO_PinState)	24	static
../Core/Src/CoolingSystem.cpp:220:7:void CoolingSystem::CoolingSystem::write_fan_output(bool)	24	static
../Core/Src/CoolingSystem.cpp:228:7:bool CoolingSystem::CoolingSystem::is_any_rail_hot()	24	static
