../Core/Src/FullSystemTest.cpp:18:6:static void FullSystemTest::init_full_system_test_thread(uint16_t, UBaseType_t)	32	static,ignoring_inline_asm
../Core/Src/FullSystemTest.cpp:36:6:static void FullSystemTest::run_full_system_test_task(void*)	16	static
../Core/Src/FullSystemTest.cpp:61:6:static void FullSystemTest::init_manual_testing()	8	static
../Core/Src/FullSystemTest.cpp:65:6:static void FullSystemTest::next_test_step_from_ui()	8	static
../Core/Src/FullSystemTest.cpp:69:6:static void FullSystemTest::wait_for_next_test_step(const char*)	16	static
