../Core/Src/main.cpp:100:5:int main()	24	static
../Core/Src/main.cpp:195:6:void SystemClock_Config()	88	static
../Core/Src/main.cpp:250:6:void HAL_TIM_PeriodElapsedCallback(TIM_HandleTypeDef*)	16	static
../Core/Src/main.cpp:268:6:void Error_Handler()	4	static,ignoring_inline_asm
../Core/Src/main.cpp:277:1:void __static_initialization_and_destruction_0()	8	static
../Core/Src/main.cpp:277:1:void __static_initialization_and_destruction_1()	8	static
../Core/Src/main.cpp:277:1:cpp)	8	static
../Core/Src/main.cpp:277:1:cpp)	8	static
