../Core/Src/RotaryEncoder.cpp:17:1:RotaryEncoder::RotaryEncoder()	16	static
../Core/Src/RotaryEncoder.cpp:25:16:static RotaryEncoder& RotaryEncoder::get_instance()	8	static
../Core/Src/RotaryEncoder.cpp:30:6:void RotaryEncoder::init(TIM_HandleTypeDef*)	16	static
../Core/Src/RotaryEncoder.cpp:42:6:void RotaryEncoder::start_thread(uint16_t, UBaseType_t)	32	static
../Core/Src/RotaryEncoder.cpp:46:6:static void RotaryEncoder::runStatic(void*)	16	static
../Core/Src/RotaryEncoder.cpp:48:6:void RotaryEncoder::task_loop()	24	static
../Core/Src/RotaryEncoder.cpp:76:7:float RotaryEncoder::get_angle_degrees()	24	static
../Core/Src/RotaryEncoder.cpp:89:9:int32_t RotaryEncoder::get_angle_centi_degrees()	24	static
../Core/Src/RotaryEncoder.cpp:102:6:bool RotaryEncoder::is_rail_aligned(uint8_t, int32_t)	48	static
../Core/Src/RotaryEncoder.cpp:120:9:uint8_t RotaryEncoder::get_rail_index_zero_based()	24	static
../Core/Src/RotaryEncoder.cpp:133:6:void RotaryEncoder::set_zero()	16	static
