C:\ST\STM32CubeIDE_2.0.0\STM32CubeIDE\plugins\com.st.stm32cube.ide.mcu.externaltools.gnu-tools-for-stm32.13.3.rel1.win32_1.0.100.202509120712\tools\bin/../lib/gcc/arm-none-eabi/13.3.1/../../../../arm-none-eabi/include/c++/13.3.1/cmath:1122:3:constexpr bool std::isfinite(float)	16	static
../Core/Src/Thermistor2.cpp:26:10:void HAL_ADC_ConvCpltCallback(ADC_HandleTypeDef*)	24	static,ignoring_inline_asm
../Core/Src/Thermistor2.cpp:42:1:Thermistor::Thermistor(ADC_HandleTypeDef*, uint32_t)	24	static
../Core/Src/Thermistor2.cpp:49:13:static Thermistor& Thermistor::get_instance(ADC_HandleTypeDef*, uint32_t)	16	static
../Core/Src/Thermistor2.cpp:54:6:void Thermistor::initThermistorThread(uint32_t, UBaseType_t)	32	static
../Core/Src/Thermistor2.cpp:58:6:void Thermistor::run()	136	static
../Core/Src/Thermistor2.cpp:88:6:static void Thermistor::taskEntry(void*)	16	static
../Core/Src/Thermistor2.cpp:93:7:float Thermistor::Thermistor_CountsToVoltage(uint16_t)	16	static
../Core/Src/Thermistor2.cpp:97:7:float Thermistor::Thermistor_VoltageToResistance(float)	16	static
../Core/Src/Thermistor2.cpp:107:7:float Thermistor::Thermistor_ResistanceToTempC(float)	32	static
../Core/Src/Thermistor2.cpp:117:7:float Thermistor::Thermistor_ReadTempC(uint32_t)	32	static
../Core/Src/Thermistor2.cpp:130:10:uint16_t Thermistor::Thermistor_ReadRawAverage(uint32_t)	24	static
../Core/Src/Thermistor2.cpp:144:6:void Thermistor::Update_All_Channels()	32	static
../Core/Src/Thermistor2.cpp:169:10:uint16_t Thermistor::get_raw_average(uint32_t)	16	static
../Core/Src/Thermistor2.cpp:173:7:float Thermistor::get_rail_temp_c()	16	static
../Core/Src/Thermistor2.cpp:175:7:float Thermistor::get_cap_adc_voltage()	24	static
../Core/Src/Thermistor2.cpp:180:7:float Thermistor::get_cap_bank_voltage()	24	static
