../Core/Src/UI_CommandReceiver.cpp:17:1:UI_CommandReceiver::UI_CommandReceiver()	24	static
../Core/Src/UI_CommandReceiver.cpp:32:21:static UI_CommandReceiver& UI_CommandReceiver::get_instance()	8	static
../Core/Src/UI_CommandReceiver.cpp:39:6:void UI_CommandReceiver::send_to_gui(const char*)	24	static
../Core/Src/UI_CommandReceiver.cpp:53:6:void UI_CommandReceiver::init(UART_HandleTypeDef*)	16	static
../Core/Src/UI_CommandReceiver.cpp:63:6:void UI_CommandReceiver::start_thread(uint16_t, UBaseType_t)	32	static
../Core/Src/UI_CommandReceiver.cpp:67:6:static void UI_CommandReceiver::runStatic(void*)	16	static
../Core/Src/UI_CommandReceiver.cpp:69:6:void UI_CommandReceiver::on_uart_rx_callback(UART_HandleTypeDef*)	24	static,ignoring_inline_asm
../Core/Src/UI_CommandReceiver.cpp:83:6:void UI_CommandReceiver::task_loop()	24	static
../Core/Src/UI_CommandReceiver.cpp:118:6:void UI_CommandReceiver::process_command(char)	288	static
../Core/Src/UI_CommandReceiver.cpp:197:6:void UI_CommandReceiver::send_response(const char*)	16	static
../Core/Src/UI_CommandReceiver.cpp:199:6:void UI_CommandReceiver::process_line(const char*)	144	static
../Core/Src/UI_CommandReceiver.cpp:233:6:void UI_CommandReceiver::process_rtemp_line(const char*)	200	static
../Core/Src/UI_CommandReceiver.cpp:261:7:float UI_CommandReceiver::get_remote_temp_c(uint8_t)	24	static
../Core/Src/UI_CommandReceiver.cpp:273:10:uint32_t UI_CommandReceiver::get_remote_temp_sequence()	24	static
